Archive member included because of file (symbol)

c:/asctec_arm_sdk/winarm/bin/../lib/gcc/arm-elf/4.1.1/../../../../arm-elf/lib/thumb/interwork\libc.a(memcpy.o)
                              LL_HL_comm.o (memcpy)
c:/asctec_arm_sdk/winarm/bin/../lib/gcc/arm-elf/4.1.1/../../../../arm-elf/lib/thumb/interwork\libc.a(sprintf.o)
                              sdk_telemetry.o (sprintf)
c:/asctec_arm_sdk/winarm/bin/../lib/gcc/arm-elf/4.1.1/../../../../arm-elf/lib/thumb/interwork\libc.a(strcpy.o)
                              asctecCommIntfOnboard.o (strcpy)
c:/asctec_arm_sdk/winarm/bin/../lib/gcc/arm-elf/4.1.1/../../../../arm-elf/lib/thumb/interwork\libc.a(strlen.o)
                              asctecCommIntfOnboard.o (strlen)
c:/asctec_arm_sdk/winarm/bin/../lib/gcc/arm-elf/4.1.1/../../../../arm-elf/lib/thumb/interwork\libc.a(vfprintf.o)
                              c:/asctec_arm_sdk/winarm/bin/../lib/gcc/arm-elf/4.1.1/../../../../arm-elf/lib/thumb/interwork\libc.a(sprintf.o) (_vfprintf_r)
c:/asctec_arm_sdk/winarm/bin/../lib/gcc/arm-elf/4.1.1/../../../../arm-elf/lib/thumb/interwork\libc.a(wcrtomb.o)
                              c:/asctec_arm_sdk/winarm/bin/../lib/gcc/arm-elf/4.1.1/../../../../arm-elf/lib/thumb/interwork\libc.a(vfprintf.o) (_wcrtomb_r)
c:/asctec_arm_sdk/winarm/bin/../lib/gcc/arm-elf/4.1.1/../../../../arm-elf/lib/thumb/interwork\libc.a(wcsrtombs.o)
                              c:/asctec_arm_sdk/winarm/bin/../lib/gcc/arm-elf/4.1.1/../../../../arm-elf/lib/thumb/interwork\libc.a(vfprintf.o) (_wcsrtombs_r)
c:/asctec_arm_sdk/winarm/bin/../lib/gcc/arm-elf/4.1.1/../../../../arm-elf/lib/thumb/interwork\libc.a(wctomb_r.o)
                              c:/asctec_arm_sdk/winarm/bin/../lib/gcc/arm-elf/4.1.1/../../../../arm-elf/lib/thumb/interwork\libc.a(wcrtomb.o) (_wctomb_r)
c:/asctec_arm_sdk/winarm/bin/../lib/gcc/arm-elf/4.1.1/../../../../arm-elf/lib/thumb/interwork\libc.a(wsetup.o)
                              c:/asctec_arm_sdk/winarm/bin/../lib/gcc/arm-elf/4.1.1/../../../../arm-elf/lib/thumb/interwork\libc.a(vfprintf.o) (__swsetup)
c:/asctec_arm_sdk/winarm/bin/../lib/gcc/arm-elf/4.1.1/../../../../arm-elf/lib/thumb/interwork\libc.a(dtoa.o)
                              c:/asctec_arm_sdk/winarm/bin/../lib/gcc/arm-elf/4.1.1/../../../../arm-elf/lib/thumb/interwork\libc.a(vfprintf.o) (_dtoa_r)
c:/asctec_arm_sdk/winarm/bin/../lib/gcc/arm-elf/4.1.1/../../../../arm-elf/lib/thumb/interwork\libc.a(fflush.o)
                              c:/asctec_arm_sdk/winarm/bin/../lib/gcc/arm-elf/4.1.1/../../../../arm-elf/lib/thumb/interwork\libc.a(vfprintf.o) (fflush)
c:/asctec_arm_sdk/winarm/bin/../lib/gcc/arm-elf/4.1.1/../../../../arm-elf/lib/thumb/interwork\libc.a(findfp.o)
                              c:/asctec_arm_sdk/winarm/bin/../lib/gcc/arm-elf/4.1.1/../../../../arm-elf/lib/thumb/interwork\libc.a(vfprintf.o) (__sinit)
c:/asctec_arm_sdk/winarm/bin/../lib/gcc/arm-elf/4.1.1/../../../../arm-elf/lib/thumb/interwork\libc.a(freer.o)
                              c:/asctec_arm_sdk/winarm/bin/../lib/gcc/arm-elf/4.1.1/../../../../arm-elf/lib/thumb/interwork\libc.a(vfprintf.o) (_free_r)
c:/asctec_arm_sdk/winarm/bin/../lib/gcc/arm-elf/4.1.1/../../../../arm-elf/lib/thumb/interwork\libc.a(fvwrite.o)
                              c:/asctec_arm_sdk/winarm/bin/../lib/gcc/arm-elf/4.1.1/../../../../arm-elf/lib/thumb/interwork\libc.a(vfprintf.o) (__sfvwrite)
c:/asctec_arm_sdk/winarm/bin/../lib/gcc/arm-elf/4.1.1/../../../../arm-elf/lib/thumb/interwork\libc.a(fwalk.o)
                              c:/asctec_arm_sdk/winarm/bin/../lib/gcc/arm-elf/4.1.1/../../../../arm-elf/lib/thumb/interwork\libc.a(fflush.o) (_fwalk)
c:/asctec_arm_sdk/winarm/bin/../lib/gcc/arm-elf/4.1.1/../../../../arm-elf/lib/thumb/interwork\libc.a(impure.o)
                              c:/asctec_arm_sdk/winarm/bin/../lib/gcc/arm-elf/4.1.1/../../../../arm-elf/lib/thumb/interwork\libc.a(sprintf.o) (_impure_ptr)
c:/asctec_arm_sdk/winarm/bin/../lib/gcc/arm-elf/4.1.1/../../../../arm-elf/lib/thumb/interwork\libc.a(locale.o)
                              c:/asctec_arm_sdk/winarm/bin/../lib/gcc/arm-elf/4.1.1/../../../../arm-elf/lib/thumb/interwork\libc.a(vfprintf.o) (localeconv)
c:/asctec_arm_sdk/winarm/bin/../lib/gcc/arm-elf/4.1.1/../../../../arm-elf/lib/thumb/interwork\libc.a(makebuf.o)
                              c:/asctec_arm_sdk/winarm/bin/../lib/gcc/arm-elf/4.1.1/../../../../arm-elf/lib/thumb/interwork\libc.a(wsetup.o) (__smakebuf)
c:/asctec_arm_sdk/winarm/bin/../lib/gcc/arm-elf/4.1.1/../../../../arm-elf/lib/thumb/interwork\libc.a(mallocr.o)
                              c:/asctec_arm_sdk/winarm/bin/../lib/gcc/arm-elf/4.1.1/../../../../arm-elf/lib/thumb/interwork\libc.a(vfprintf.o) (_malloc_r)
c:/asctec_arm_sdk/winarm/bin/../lib/gcc/arm-elf/4.1.1/../../../../arm-elf/lib/thumb/interwork\libc.a(memchr.o)
[...]
Memory Configuration

Name             Origin             Length             Attributes
ROM              0x00000000         0x00080000         xr
RAM              0x40000000         0x00008000         rw
*default*        0x00000000         0xffffffff

Linker script and memory map

LOAD Common_WinARM/src/Startup.o
LOAD Common_WinARM/src/swi_handler.o
LOAD LL_HL_comm.o
LOAD mymath.o
LOAD gpsmath.o
LOAD sdk.o
LOAD sdk_telemetry.o
LOAD buzzer.o
LOAD lpc_aci_eeprom.o
LOAD asctecCommIntfOnboard.o
LOAD buildInfoSetup.o
LOAD main.o
LOAD hardware.o
LOAD system.o
LOAD uart.o
LOAD syscalls.o
LOAD i2c.o
LOAD i2c1.o
LOAD Common_WinARM/src/irq.o
LOAD adc.o
LOAD ssp.o
LOAD pelican_ptu.o
LOAD jetiTelemetry.o
LOAD LPC2k_ee.o
LOAD lab.o
LOAD c:/asctec_arm_sdk/winarm/bin/../lib/gcc/arm-elf/4.1.1/../../../../arm-elf/lib/thumb/interwork\libc.a
LOAD c:/asctec_arm_sdk/winarm/bin/../lib/gcc/arm-elf/4.1.1/../../../../arm-elf/lib/thumb/interwork\libc.a
LOAD c:/asctec_arm_sdk/winarm/bin/../lib/gcc/arm-elf/4.1.1/thumb/interwork\libgcc.a
LOAD ./\libdeclination.a
LOAD ./\libublox.a
LOAD c:/asctec_arm_sdk/winarm/bin/../lib/gcc/arm-elf/4.1.1/../../../../arm-elf/lib/thumb/interwork\libm.a
START GROUP
LOAD c:/asctec_arm_sdk/winarm/bin/../lib/gcc/arm-elf/4.1.1/thumb/interwork\libgcc.a
LOAD c:/asctec_arm_sdk/winarm/bin/../lib/gcc/arm-elf/4.1.1/../../../../arm-elf/lib/thumb/interwork\libg.a
LOAD c:/asctec_arm_sdk/winarm/bin/../lib/gcc/arm-elf/4.1.1/../../../../arm-elf/lib/thumb/interwork\libc.a
END GROUP

.text           0x00000000    0x1a4e0
 *(.vectorg)
 .vectorg       0x00000000       0x98 Common_WinARM/src/Startup.o
                0x00000050                __IRQ_Wrapper
 .vectorg       0x00000098       0xd0 Common_WinARM/src/swi_handler.o
                0x00000098                SoftwareInterrupt
                0x00000168                . = ALIGN (0x4)
 *(.init)
 .init          0x00000168      0x168 Common_WinARM/src/Startup.o
                0x00000294                __exit_THUMB
                0x00000168                __startup
                0x00000290                __exit_ARM
 *(.text .text.*)
 .text          0x000002d0        0x0 Common_WinARM/src/Startup.o
 .text          0x000002d0       0x38 Common_WinARM/src/swi_handler.o
                0x000002e0                IntGetCPSR
                0x00000300                FiqDisable
                0x000002d0                IntRestore
                0x000002f0                IntDisable
                0x000002d8                FiqRestore
                0x000002e8                IntEnable
                0x000002f8                FiqEnable
 .text          0x00000308     0x12fc LL_HL_comm.o
                0x00000dbc                SSP_data_distribution_HL
                0x00000308                LL_write_ctrl_data
                0x00000424                HL2LL_write_cycle
                0x0000112c                SSP_rx_handler_HL
 .text          0x00001604       0x64 mymath.o
                0x00001610                fast_sqrt
                0x00001604                fast_abs
 .text          0x00001668      0x104 gpsmath.o
                0x00001668                xy2latlon
 .text          0x0000176c      0xdb8 sdk.o
                0x00001a08                SDK_Init
                0x00001bcc                SDK_EXAMPLE_attitude_commands
                0x00001b20                SDK_EXAMPLE_direct_motor_commands_with_standard_output_mapping
                0x000023c8                SDK_mainloop
                0x0000176c                SPI0Handler
                0x00001a1c                SDK_SetEmergencyMode
                0x00001a58                SDK_EXAMPLE_direct_individual_motor_commands
                0x00001c90                SDK_EXAMPLE_turn_motors_off
                0x00001c00                SDK_EXAMPLE_turn_motors_on
                0x00001d20                SDK_EXAMPLE_gps_waypoint_control
 .text          0x00002524      0x7ec sdk_telemetry.o
                0x00002524                SDK_jetiAscTecExampleUpdateDisplay
                0x000028b8                SDK_jetiAscTecExampleKeyChange
                0x00002684                SDK_jetiAscTecExampleInit
                0x00002a54                SDK_jetiAscTecExampleRun
 .text          0x00002d10      0x5e4 buzzer.o
                0x00002d38                buzzer_handler
                0x00002d10                buzzer
 .text          0x000032f4      0x3a4 lpc_aci_eeprom.o
                0x000034a4                lpc_aci_ReadParafromFlash
                0x00003364                lpc_aci_SavePara
                0x0000364c                lpc_aci_init
                0x000032f4                lpc_aci_WriteParatoFlash
 .text          0x00003698     0x2b5c asctecCommIntfOnboard.o
                0x000037f0                aciTxRingBufferReset
                0x00004754                aciSyncVar
                0x0000402c                aciSendVar
                0x00003c84                aciPublishVariableInt
                0x0000392c                aciPublishParameterInt
                0x00005c04                aciReceiveHandler
                0x00003e40                aciSetSaveParaCallback
                0x00005de4                aciSingleSend
                0x00003e30                aciSetReadParafromFlashCallback
                0x000045c4                aciSyncCmd
                0x00003868                aciTxRingBufferGetNextByte
                0x00003f54                aciTxSendPacket
                0x000047f8                aciRxHandleMessage
                0x00003e60                aciTxRingBufferAddData
                0x00003698                aciInit
                0x00006074                aciEngine
                0x000038ec                aciUpdateCrc16
                0x00003ad8                aciPublishCommandInt
                0x000037e0                aciSetStartTxCallback
                0x00003810                aciTxRingBufferGetFreeSpace
                0x00003e50                aciSetWriteParatoFlashCallback
                0x00005f84                aciSendSingleWithAck
                0x00004434                aciSyncPar
                0x000038c0                aciCrcUpdate
                0x00003850                aciTxRingBufferByteAvailable
 .text          0x000061f4      0x1bc buildInfoSetup.o
                0x000061f4                generateBuildInfo
 .text          0x000063b0      0xc90 main.o
                0x000063b0                timer0ISR
                0x00006820                mainloop
                0x00006498                main
                0x00006c2c                ACISDK
 .text          0x00007040       0x8c hardware.o
                0x00007040                LED
 .text          0x000070cc      0x5b8 system.o
                0x000072d4                init_timer0
                0x00007468                init_spi1
                0x0000737c                PWM_Init
                0x0000722c                init_ports
                0x000070cc                init
                0x00007430                init_spi
                0x00007154                init_interrupts
                0x0000763c                delay
                0x00007584                processorClockFrequency
                0x00007544                pll_feed
                0x00007504                pll_init
                0x000075a4                peripheralClockFrequency
 .text          0x00007684      0xeb4 uart.o
                0x00007b50                UARTWriteChar
                0x00007aa4                UART1Initialize
                0x00007e14                UART_send_ringbuffer
                0x00007c80                __putchar
                0x00007bf0                UARTReadChar
                0x00007c38                UART1ReadChar
                0x00007684                uart1ISR
                0x00007cc4                UART_send
                0x000080cc                crc16
                0x00007fdc                crc_update
                0x0000834c                ringbuffer1
                0x00007754                uart0ISR
                0x00007ee4                UART_SendPacket
                0x00008160                ringbuffer
                0x000079f8                UARTInitialize
                0x00007ba0                UART1WriteChar
                0x00007e7c                UART1_send_ringbuffer
                0x00007d80                UART1_send
 .text          0x00008538      0x2b4 syscalls.o
                0x000086e0                _lseek_r
                0x00008714                _fstat_r
                0x00008750                isatty
                0x00008778                _sbrk_r
                0x00008538                _read_r
                0x000086b4                _close_r
                0x00008618                _write_r
 .text          0x000087ec      0x750 i2c.o
                0x00008c88                I2C0_send_motordata
                0x00008eac                I2CEngine
                0x000087ec                I2C0MasterHandler
                0x00008d34                I2CStart
                0x00008dc8                I2CStop
                0x00008e24                I2CInit
 .text          0x00008f3c     0x1048 i2c1.o
                0x00009230                fireFlyLedHandler
                0x00008f3c                I2C1MasterHandler
                0x00009d6c                I2C1_setRGBLed
                0x00009f58                I2C1State
                0x00009ee4                I2C1Engine
                0x00009e70                I2C1Init
 .text          0x00009f84      0x2d8 Common_WinARM/src/irq.o
                0x0000a070                install_irq
                0x0000a164                uninstall_irq
                0x00009fac                init_VIC
 .text          0x0000a25c      0x3ec adc.o
                0x0000a56c                ADC0getSamplingResults
                0x0000a25c                ADCInit
                0x0000a420                ADC1Read
                0x0000a2e4                ADC0Read
                0x0000a528                ADC0triggerSampling
 .text          0x0000a648      0x420 ssp.o
                0x0000a860                LL_write
                0x0000a820                LL_write_init
                0x0000a648                SSPHandler
 .text          0x0000aa68      0x928 pelican_ptu.o
                0x0000aa68                PTU_init
                0x0000af6c                SERVO_roll_move
                0x0000b04c                PTU_update_middle_positions_by_stick
                0x0000ab88                PTU_update
                0x0000ae84                SERVO_pitch_move
 .text          0x0000b390     0x1090 jetiTelemetry.o
                0x0000bed4                jetiSetValueDate
                0x0000b4d8                jetiSetDeviceName
                0x0000ba24                jetiSetValue6B
                0x0000b73c                jetiSetValue30B
                0x0000b8ac                jetiSetValue22B
                0x0000b618                jetiDeactivateValue
                0x0000bd0c                jetiSetValueTime
                0x0000c0c8                jetiSetTextDisplay
                0x0000b434                jetiSetAlarm
                0x0000bb94                jetiSetValue14B
                0x0000b694                jetiSetDecimalPoint
                0x0000b3d4                jetiCheckForKeyChange
                0x0000b390                jetiSetKeyChanged
                0x0000b590                jetiActivateValue
                0x0000c214                jetiInitValue
 .text          0x0000c420      0x69c LPC2k_ee.o
                0x0000ca34                enter_isp
                0x0000c420                ee_erase
                0x0000c780                ee_read
                0x0000c55c                ee_write
                0x0000c878                ee_count
                0x0000c810                ee_readn
                0x0000c8ec                ee_locate
 .text          0x0000cabc      0x8c4 lab.o
                0x0000cabc                lab
 .text          0x0000d380       0x20 c:/asctec_arm_sdk/winarm/bin/../lib/gcc/arm-elf/4.1.1/../../../../arm-elf/lib/thumb/interwork\libc.a(memcpy.o)
                0x0000d380                memcpy
 .text          0x0000d3a0       0x84 c:/asctec_arm_sdk/winarm/bin/../lib/gcc/arm-elf/4.1.1/../../../../arm-elf/lib/thumb/interwork\libc.a(sprintf.o)
                0x0000d3e4                _sprintf_r
                0x0000d3a0                sprintf
 .text          0x0000d424       0x10 c:/asctec_arm_sdk/winarm/bin/../lib/gcc/arm-elf/4.1.1/../../../../arm-elf/lib/thumb/interwork\libc.a(strcpy.o)
                0x0000d424                strcpy
 .text          0x0000d434       0x10 c:/asctec_arm_sdk/winarm/bin/../lib/gcc/arm-elf/4.1.1/../../../../arm-elf/lib/thumb/interwork\libc.a(strlen.o)
                0x0000d434                strlen
 .text          0x0000d444     0x1460 c:/asctec_arm_sdk/winarm/bin/../lib/gcc/arm-elf/4.1.1/../../../../arm-elf/lib/thumb/interwork\libc.a(vfprintf.o)
                0x0000d464                _vfprintf_r
                0x0000e884                vfprintf
 .text          0x0000e8a4       0x50 c:/asctec_arm_sdk/winarm/bin/../lib/gcc/arm-elf/4.1.1/../../../../arm-elf/lib/thumb/interwork\libc.a(wcrtomb.o)
                0x0000e8a4                _wcrtomb_r
                0x0000e8d4                wcrtomb
 .text          0x0000e8f4       0xd8 c:/asctec_arm_sdk/winarm/bin/../lib/gcc/arm-elf/4.1.1/../../../../arm-elf/lib/thumb/interwork\libc.a(wcsrtombs.o)
                0x0000e8f4                _wcsrtombs_r
                0x0000e9a4                wcsrtombs
 .text          0x0000e9cc      0x2b0 c:/asctec_arm_sdk/winarm/bin/../lib/gcc/arm-elf/4.1.1/../../../../arm-elf/lib/thumb/interwork\libc.a(wctomb_r.o)
                0x0000e9cc                _wctomb_r
 .text          0x0000ec7c       0x94 c:/asctec_arm_sdk/winarm/bin/../lib/gcc/arm-elf/4.1.1/../../../../arm-elf/lib/thumb/interwork\libc.a(wsetup.o)
                0x0000ec7c                __swsetup
 .text          0x0000ed10      0xd30 c:/asctec_arm_sdk/winarm/bin/../lib/gcc/arm-elf/4.1.1/../../../../arm-elf/lib/thumb/interwork\libc.a(dtoa.o)
                0x0000ee44                _dtoa_r
 .text          0x0000fa40       0x88 c:/asctec_arm_sdk/winarm/bin/../lib/gcc/arm-elf/4.1.1/../../../../arm-elf/lib/thumb/interwork\libc.a(fflush.o)
                0x0000fa40                fflush
 .text          0x0000fac8      0x1b0 c:/asctec_arm_sdk/winarm/bin/../lib/gcc/arm-elf/4.1.1/../../../../arm-elf/lib/thumb/interwork\libc.a(findfp.o)
                0x0000fb00                __sinit
                0x0000fb98                __sfmoreglue
                0x0000fb84                _cleanup
                0x0000fb74                _cleanup_r
                0x0000fbe8                __fp_lock_all
                0x0000fb5c                __sfp_lock_acquire
                0x0000fc00                __sfp
                0x0000fb68                __sinit_lock_release
                0x0000fbd0                __fp_unlock_all
                0x0000fb60                __sfp_lock_release
                0x0000fb64                __sinit_lock_acquire
 .text          0x0000fc78      0x248 c:/asctec_arm_sdk/winarm/bin/../lib/gcc/arm-elf/4.1.1/../../../../arm-elf/lib/thumb/interwork\libc.a(freer.o)
                0x0000fd18                _free_r
                0x0000fc78                _malloc_trim_r
 .text          0x0000fec0      0x25c c:/asctec_arm_sdk/winarm/bin/../lib/gcc/arm-elf/4.1.1/../../../../arm-elf/lib/thumb/interwork\libc.a(fvwrite.o)
                0x0000fec0                __sfvwrite
 .text          0x0001011c       0xb4 c:/asctec_arm_sdk/winarm/bin/../lib/gcc/arm-elf/4.1.1/../../../../arm-elf/lib/thumb/interwork\libc.a(fwalk.o)
                0x00010178                _fwalk
                0x0001011c                _fwalk_reent
 .text          0x000101d0        0x0 c:/asctec_arm_sdk/winarm/bin/../lib/gcc/arm-elf/4.1.1/../../../../arm-elf/lib/thumb/interwork\libc.a(impure.o)
 .text          0x000101d0       0x78 c:/asctec_arm_sdk/winarm/bin/../lib/gcc/arm-elf/4.1.1/../../../../arm-elf/lib/thumb/interwork\libc.a(locale.o)
                0x000101e4                _setlocale_r
                0x000101d0                __locale_charset
                0x000101dc                _localeconv_r
                0x00010224                setlocale
                0x00010240                localeconv
 .text          0x00010248       0xd8 c:/asctec_arm_sdk/winarm/bin/../lib/gcc/arm-elf/4.1.1/../../../../arm-elf/lib/thumb/interwork\libc.a(makebuf.o)
                0x00010248                __smakebuf
 .text          0x00010320      0x4ac c:/asctec_arm_sdk/winarm/bin/../lib/gcc/arm-elf/4.1.1/../../../../arm-elf/lib/thumb/interwork\libc.a(mallocr.o)
                0x00010320                _malloc_r
 .text          0x000107cc       0x18 c:/asctec_arm_sdk/winarm/bin/../lib/gcc/arm-elf/4.1.1/../../../../arm-elf/lib/thumb/interwork\libc.a(memchr.o)
                0x000107cc                memchr
 .text          0x000107e4       0x38 c:/asctec_arm_sdk/winarm/bin/../lib/gcc/arm-elf/4.1.1/../../../../arm-elf/lib/thumb/interwork\libc.a(memmove.o)
                0x000107e4                memmove
 .text          0x0001081c       0x10 c:/asctec_arm_sdk/winarm/bin/../lib/gcc/arm-elf/4.1.1/../../../../arm-elf/lib/thumb/interwork\libc.a(memset.o)
                0x0001081c                memset
 .text          0x0001082c        0x8 c:/asctec_arm_sdk/winarm/bin/../lib/gcc/arm-elf/4.1.1/../../../../arm-elf/lib/thumb/interwork\libc.a(mlock.o)
                0x00010830                __malloc_unlock
                0x0001082c                __malloc_lock
 .text          0x00010834      0x834 c:/asctec_arm_sdk/winarm/bin/../lib/gcc/arm-elf/4.1.1/../../../../arm-elf/lib/thumb/interwork\libc.a(mprec.o)
                0x00010aa4                _mprec_log10
                0x0001084c                _hi0bits
                0x00010ae8                _Balloc
                0x00010b44                _d2b
                0x00010d88                _multiply
                0x00010a50                _ratio
                0x00010fe4                _s2b
                0x00010eb4                _i2b
                0x00010894                _lo0bits
                0x00010900                __mcmp
                0x00010f58                _pow5mult
                0x00010940                _ulp
                0x00010990                _b2d
                0x00010ecc                _multadd
                0x00010c18                __mdiff
                0x00010cf8                _lshift
                0x00010834                _Bfree
 .text          0x00011068      0x308 c:/asctec_arm_sdk/winarm/bin/../lib/gcc/arm-elf/4.1.1/../../../../arm-elf/lib/thumb/interwork\libc.a(reallocr.o)
                0x00011068                _realloc_r
 .text          0x00011370       0x2c c:/asctec_arm_sdk/winarm/bin/../lib/gcc/arm-elf/4.1.1/../../../../arm-elf/lib/thumb/interwork\libc.a(s_isinf.o)
                0x00011370                isinf
 .text          0x0001139c       0x24 c:/asctec_arm_sdk/winarm/bin/../lib/gcc/arm-elf/4.1.1/../../../../arm-elf/lib/thumb/interwork\libc.a(s_isnan.o)
                0x0001139c                isnan
 .text          0x000113c0       0xd0 c:/asctec_arm_sdk/winarm/bin/../lib/gcc/arm-elf/4.1.1/../../../../arm-elf/lib/thumb/interwork\libc.a(stdio.o)
                0x000113d8                __sseek
                0x00011458                __sread
                0x000113c0                __sclose
                0x00011414                __swrite
 .text          0x00011490       0x18 c:/asctec_arm_sdk/winarm/bin/../lib/gcc/arm-elf/4.1.1/../../../../arm-elf/lib/thumb/interwork\libc.a(strcmp.o)
                0x00011490                strcmp
 .text          0x000114a8       0x5c c:/asctec_arm_sdk/winarm/bin/../lib/gcc/arm-elf/4.1.1/../../../../arm-elf/lib/thumb/interwork\libc.a(callocr.o)
                0x000114a8                _calloc_r
 .text          0x00011504       0xb8 c:/asctec_arm_sdk/winarm/bin/../lib/gcc/arm-elf/4.1.1/../../../../arm-elf/lib/thumb/interwork\libc.a(fclose.o)
                0x00011504                _fclose_r
                0x000115a4                fclose
 .text          0x000115bc       0x8c c:/asctec_arm_sdk/winarm/bin/../lib/gcc/arm-elf/4.1.1/thumb/interwork\libgcc.a(_udivsi3.o)
                0x000115bc                __udivsi3
                0x000115bc                __aeabi_uidiv
                0x00011638                __aeabi_uidivmod
 .text          0x00011648       0xa4 c:/asctec_arm_sdk/winarm/bin/../lib/gcc/arm-elf/4.1.1/thumb/interwork\libgcc.a(_divsi3.o)
                0x00011648                __aeabi_idiv
                0x00011648                __divsi3
                0x000116dc                __aeabi_idivmod
 .text          0x000116ec       0xc8 c:/asctec_arm_sdk/winarm/bin/../lib/gcc/arm-elf/4.1.1/thumb/interwork\libgcc.a(_umodsi3.o)
                0x000116ec                __umodsi3
 .text          0x000117b4       0xd8 c:/asctec_arm_sdk/winarm/bin/../lib/gcc/arm-elf/4.1.1/thumb/interwork\libgcc.a(_modsi3.o)
                0x000117b4                __modsi3
 .text          0x0001188c        0x4 c:/asctec_arm_sdk/winarm/bin/../lib/gcc/arm-elf/4.1.1/thumb/interwork\libgcc.a(_dvmd_tls.o)
                0x0001188c                __aeabi_ldiv0
                0x0001188c                __div0
                0x0001188c                __aeabi_idiv0
 .text          0x00011890      0x430 c:/asctec_arm_sdk/winarm/bin/../lib/gcc/arm-elf/4.1.1/thumb/interwork\libgcc.a(_addsubdf3.o)
                0x00011c54                __floatdidf
                0x00011bd4                __floatsidf
                0x00011bac                __aeabi_ui2d
                0x00011890                __aeabi_drsub
                0x00011c00                __extendsfdf2
                0x0001189c                __adddf3
                0x00011bac                __floatunsidf
                0x0001189c                __aeabi_dadd
                0x00011c40                __aeabi_ul2d
                0x00011898                __aeabi_dsub
                0x00011c40                __floatundidf
                0x00011bd4                __aeabi_i2d
                0x00011c54                __aeabi_l2d
                0x00011c00                __aeabi_f2d
                0x00011898                __subdf3
 .text          0x00011cc0      0x49c c:/asctec_arm_sdk/winarm/bin/../lib/gcc/arm-elf/4.1.1/thumb/interwork\libgcc.a(_muldivdf3.o)
                0x00011f50                __aeabi_ddiv
                0x00011cc0                __aeabi_dmul
                0x00011f50                __divdf3
                0x00011cc0                __muldf3
 .text          0x0001215c      0x140 c:/asctec_arm_sdk/winarm/bin/../lib/gcc/arm-elf/4.1.1/thumb/interwork\libgcc.a(_cmpdf2.o)
                0x00012254                __aeabi_dcmple
                0x0001216c                __cmpdf2
                0x0001216c                __eqdf2
                0x0001215c                __gtdf2
                0x0001220c                __aeabi_cdcmple
                0x000121f0                __aeabi_cdrcmple
                0x00012164                __ltdf2
                0x0001223c                __aeabi_dcmplt
                0x00012164                __ledf2
                0x00012284                __aeabi_dcmpgt
                0x0001226c                __aeabi_dcmpge
                0x0001216c                __nedf2
                0x00012224                __aeabi_dcmpeq
                0x0001220c                __aeabi_cdcmpeq
                0x0001215c                __gedf2
 .text          0x0001229c       0x5c c:/asctec_arm_sdk/winarm/bin/../lib/gcc/arm-elf/4.1.1/thumb/interwork\libgcc.a(_fixdfsi.o)
                0x0001229c                __fixdfsi
                0x0001229c                __aeabi_d2iz
 .text          0x000122f8       0xa0 c:/asctec_arm_sdk/winarm/bin/../lib/gcc/arm-elf/4.1.1/thumb/interwork\libgcc.a(_truncdfsf2.o)
                0x000122f8                __aeabi_d2f
                0x000122f8                __truncdfsf2
 .text          0x00012398      0x2ac c:/asctec_arm_sdk/winarm/bin/../lib/gcc/arm-elf/4.1.1/thumb/interwork\libgcc.a(_addsubsf3.o)
                0x000123a4                __aeabi_fadd
                0x000123a0                __subsf3
                0x00012568                __aeabi_i2f
                0x000123a0                __aeabi_fsub
                0x00012598                __floatdisf
                0x00012568                __floatsisf
                0x00012588                __floatundisf
                0x00012560                __aeabi_ui2f
                0x00012598                __aeabi_l2f
                0x00012588                __aeabi_ul2f
                0x00012398                __aeabi_frsub
                0x00012560                __floatunsisf
                0x000123a4                __addsf3
 .text          0x00012644      0x2f8 c:/asctec_arm_sdk/winarm/bin/../lib/gcc/arm-elf/4.1.1/thumb/interwork\libgcc.a(_muldivsf3.o)
                0x000127dc                __divsf3
                0x000127dc                __aeabi_fdiv
                0x00012644                __mulsf3
                0x00012644                __aeabi_fmul
 .text          0x0001293c       0x5c c:/asctec_arm_sdk/winarm/bin/../lib/gcc/arm-elf/4.1.1/thumb/interwork\libgcc.a(_fixsfsi.o)
                0x0001293c                __fixsfsi
                0x0001293c                __aeabi_f2iz
 .text          0x00012998     0x3250 ./\libdeclination.a(declination.o)
                0x00015444                geomg1
                0x000154b4                getDeclination
                0x000153dc                geomag
 .text          0x00015be8     0x1e88 ./\libublox.a(ublox.o)
                0x00016710                uBloxReceiveHandler
                0x00015e00                pollMessageRate
                0x00016dd4                uBloxReceiveEngine
                0x00015f58                uBloxHandleMessage
                0x00015ebc                uBloxResetConfiguration
                0x00015e58                setMessageRate
                0x00015be8                uBloxSendMessage
 .text          0x00017a70       0xa8 c:/asctec_arm_sdk/winarm/bin/../lib/gcc/arm-elf/4.1.1/../../../../arm-elf/lib/thumb/interwork\libm.a(s_cos.o)
                0x00017a70                cos
 .text          0x00017b18       0xac c:/asctec_arm_sdk/winarm/bin/../lib/gcc/arm-elf/4.1.1/../../../../arm-elf/lib/thumb/interwork\libm.a(s_sin.o)
                0x00017b18                sin
 .text          0x00017bc4       0xc0 c:/asctec_arm_sdk/winarm/bin/../lib/gcc/arm-elf/4.1.1/../../../../arm-elf/lib/thumb/interwork\libm.a(w_atan2.o)
                0x00017bc4                atan2
 .text          0x00017c84       0xb8 c:/asctec_arm_sdk/winarm/bin/../lib/gcc/arm-elf/4.1.1/../../../../arm-elf/lib/thumb/interwork\libm.a(w_sqrt.o)
                0x00017c84                sqrt
 .text          0x00017d3c      0x20c c:/asctec_arm_sdk/winarm/bin/../lib/gcc/arm-elf/4.1.1/../../../../arm-elf/lib/thumb/interwork\libm.a(e_atan2.o)
                0x00017d3c                __ieee754_atan2
 .text          0x00017f48      0x420 c:/asctec_arm_sdk/winarm/bin/../lib/gcc/arm-elf/4.1.1/../../../../arm-elf/lib/thumb/interwork\libm.a(e_rem_pio2.o)
                0x00017f48                __ieee754_rem_pio2
 .text          0x00018368      0x1a0 c:/asctec_arm_sdk/winarm/bin/../lib/gcc/arm-elf/4.1.1/../../../../arm-elf/lib/thumb/interwork\libm.a(e_sqrt.o)
                0x00018368                __ieee754_sqrt
 .text          0x00018508      0x264 c:/asctec_arm_sdk/winarm/bin/../lib/gcc/arm-elf/4.1.1/../../../../arm-elf/lib/thumb/interwork\libm.a(k_cos.o)
                0x00018508                __kernel_cos
 .text          0x0001876c      0x744 c:/asctec_arm_sdk/winarm/bin/../lib/gcc/arm-elf/4.1.1/../../../../arm-elf/lib/thumb/interwork\libm.a(k_rem_pio2.o)
                0x0001876c                __kernel_rem_pio2
 .text          0x00018eb0      0x178 c:/asctec_arm_sdk/winarm/bin/../lib/gcc/arm-elf/4.1.1/../../../../arm-elf/lib/thumb/interwork\libm.a(k_sin.o)
                0x00018eb0                __kernel_sin
 .text          0x00019028      0x35c c:/asctec_arm_sdk/winarm/bin/../lib/gcc/arm-elf/4.1.1/../../../../arm-elf/lib/thumb/interwork\libm.a(s_atan.o)
                0x00019028                atan
 .text          0x00019384       0x18 c:/asctec_arm_sdk/winarm/bin/../lib/gcc/arm-elf/4.1.1/../../../../arm-elf/lib/thumb/interwork\libm.a(s_fabs.o)
                0x00019384                fabs
 .text          0x0001939c      0x12c c:/asctec_arm_sdk/winarm/bin/../lib/gcc/arm-elf/4.1.1/../../../../arm-elf/lib/thumb/interwork\libm.a(s_floor.o)
                0x0001939c                floor
 .text          0x000194c8        0x0 c:/asctec_arm_sdk/winarm/bin/../lib/gcc/arm-elf/4.1.1/../../../../arm-elf/lib/thumb/interwork\libm.a(s_lib_ver.o)
 .text          0x000194c8        0x4 c:/asctec_arm_sdk/winarm/bin/../lib/gcc/arm-elf/4.1.1/../../../../arm-elf/lib/thumb/interwork\libm.a(s_matherr.o)
                0x000194c8                matherr
 .text          0x000194cc      0x110 c:/asctec_arm_sdk/winarm/bin/../lib/gcc/arm-elf/4.1.1/../../../../arm-elf/lib/thumb/interwork\libm.a(s_scalbn.o)
                0x000194cc                scalbn
 .text          0x000195dc       0x24 c:/asctec_arm_sdk/winarm/bin/../lib/gcc/arm-elf/4.1.1/../../../../arm-elf/lib/thumb/interwork\libm.a(s_copysign.o)
                0x000195dc                copysign
 .text          0x00019600      0x110 c:/asctec_arm_sdk/winarm/bin/../lib/gcc/arm-elf/4.1.1/thumb/interwork\libgcc.a(_cmpsf2.o)
                0x000196f8                __aeabi_fcmpgt
                0x00019608                __lesf2
                0x00019610                __nesf2
                0x000196e0                __aeabi_fcmpge
                0x00019600                __gtsf2
                0x000196c8                __aeabi_fcmple
                0x00019610                __eqsf2
                0x00019610                __cmpsf2
                0x00019608                __ltsf2
                0x00019680                __aeabi_cfcmple
                0x00019600                __gesf2
                0x00019698                __aeabi_fcmpeq
                0x00019670                __aeabi_cfrcmple
                0x000196b0                __aeabi_fcmplt
                0x00019680                __aeabi_cfcmpeq
 .text          0x00019710        0xc c:/asctec_arm_sdk/winarm/bin/../lib/gcc/arm-elf/4.1.1/../../../../arm-elf/lib/thumb/interwork\libg.a(errno.o)
                0x00019710                __errno
 *(.gnu.linkonce.t.*)
 *(.glue_7)
 .glue_7        0x0001971c        0x0 Common_WinARM/src/Startup.o
 .glue_7        0x0001971c        0x0 Common_WinARM/src/swi_handler.o
 .glue_7        0x0001971c        0x0 LL_HL_comm.o
 .glue_7        0x0001971c        0x0 mymath.o
 .glue_7        0x0001971c        0x0 gpsmath.o
 .glue_7        0x0001971c        0x0 sdk.o
 .glue_7        0x0001971c        0x0 sdk_telemetry.o
 .glue_7        0x0001971c        0x0 buzzer.o
 .glue_7        0x0001971c        0x0 lpc_aci_eeprom.o
 .glue_7        0x0001971c        0x0 asctecCommIntfOnboard.o
 .glue_7        0x0001971c        0x0 buildInfoSetup.o
 .glue_7        0x0001971c        0x0 main.o
 .glue_7        0x0001971c        0x0 hardware.o
 .glue_7        0x0001971c        0x0 system.o
 .glue_7        0x0001971c        0x0 uart.o
 .glue_7        0x0001971c        0x0 syscalls.o
 .glue_7        0x0001971c        0x0 i2c.o
 .glue_7        0x0001971c        0x0 i2c1.o
 .glue_7        0x0001971c        0x0 Common_WinARM/src/irq.o
 .glue_7        0x0001971c        0x0 adc.o
 .glue_7        0x0001971c        0x0 ssp.o
 .glue_7        0x0001971c        0x0 pelican_ptu.o
 .glue_7        0x0001971c        0x0 jetiTelemetry.o
 .glue_7        0x0001971c        0x0 LPC2k_ee.o
 .glue_7        0x0001971c        0x0 lab.o
 .glue_7        0x0001971c        0x0 c:/asctec_arm_sdk/winarm/bin/../lib/gcc/arm-elf/4.1.1/../../../../arm-elf/lib/thumb/interwork\libc.a(memcpy.o)
 .glue_7        0x0001971c        0x0 c:/asctec_arm_sdk/winarm/bin/../lib/gcc/arm-elf/4.1.1/../../../../arm-elf/lib/thumb/interwork\libc.a(sprintf.o)
 .glue_7        0x0001971c        0x0 c:/asctec_arm_sdk/winarm/bin/../lib/gcc/arm-elf/4.1.1/../../../../arm-elf/lib/thumb/interwork\libc.a(strcpy.o)
 .glue_7        0x0001971c        0x0 c:/asctec_arm_sdk/winarm/bin/../lib/gcc/arm-elf/4.1.1/../../../../arm-elf/lib/thumb/interwork\libc.a(strlen.o)
 .glue_7        0x0001971c        0x0 c:/asctec_arm_sdk/winarm/bin/../lib/gcc/arm-elf/4.1.1/../../../../arm-elf/lib/thumb/interwork\libc.a(vfprintf.o)
 .glue_7        0x0001971c        0x0 c:/asctec_arm_sdk/winarm/bin/../lib/gcc/arm-elf/4.1.1/../../../../arm-elf/lib/thumb/interwork\libc.a(wcrtomb.o)
 .glue_7        0x0001971c        0x0 c:/asctec_arm_sdk/winarm/bin/../lib/gcc/arm-elf/4.1.1/../../../../arm-elf/lib/thumb/interwork\libc.a(wcsrtombs.o)
 .glue_7        0x0001971c        0x0 c:/asctec_arm_sdk/winarm/bin/../lib/gcc/arm-elf/4.1.1/../../../../arm-elf/lib/thumb/interwork\libc.a(wctomb_r.o)
 .glue_7        0x0001971c        0x0 c:/asctec_arm_sdk/winarm/bin/../lib/gcc/arm-elf/4.1.1/../../../../arm-elf/lib/thumb/interwork\libc.a(wsetup.o)
 .glue_7        0x0001971c        0x0 c:/asctec_arm_sdk/winarm/bin/../lib/gcc/arm-elf/4.1.1/../../../../arm-elf/lib/thumb/interwork\libc.a(dtoa.o)
 .glue_7        0x0001971c        0x0 c:/asctec_arm_sdk/winarm/bin/../lib/gcc/arm-elf/4.1.1/../../../../arm-elf/lib/thumb/interwork\libc.a(fflush.o)
 .glue_7        0x0001971c        0x0 c:/asctec_arm_sdk/winarm/bin/../lib/gcc/arm-elf/4.1.1/../../../../arm-elf/lib/thumb/interwork\libc.a(findfp.o)
 .glue_7        0x0001971c        0x0 c:/asctec_arm_sdk/winarm/bin/../lib/gcc/arm-elf/4.1.1/../../../../arm-elf/lib/thumb/interwork\libc.a(freer.o)
 .glue_7        0x0001971c        0x0 c:/asctec_arm_sdk/winarm/bin/../lib/gcc/arm-elf/4.1.1/../../../../arm-elf/lib/thumb/interwork\libc.a(fvwrite.o)
 .glue_7        0x0001971c        0x0 c:/asctec_arm_sdk/winarm/bin/../lib/gcc/arm-elf/4.1.1/../../../../arm-elf/lib/thumb/interwork\libc.a(fwalk.o)
 .glue_7        0x0001971c        0x0 c:/asctec_arm_sdk/winarm/bin/../lib/gcc/arm-elf/4.1.1/../../../../arm-elf/lib/thumb/interwork\libc.a(impure.o)
 .glue_7        0x0001971c        0x0 c:/asctec_arm_sdk/winarm/bin/../lib/gcc/arm-elf/4.1.1/../../../../arm-elf/lib/thumb/interwork\libc.a(locale.o)
 .glue_7        0x0001971c        0x0 c:/asctec_arm_sdk/winarm/bin/../lib/gcc/arm-elf/4.1.1/../../../../arm-elf/lib/thumb/interwork\libc.a(makebuf.o)
 .glue_7        0x0001971c        0x0 c:/asctec_arm_sdk/winarm/bin/../lib/gcc/arm-elf/4.1.1/../../../../arm-elf/lib/thumb/interwork\libc.a(mallocr.o)
 .glue_7        0x0001971c        0x0 c:/asctec_arm_sdk/winarm/bin/../lib/gcc/arm-elf/4.1.1/../../../../arm-elf/lib/thumb/interwork\libc.a(memchr.o)
 .glue_7        0x0001971c        0x0 c:/asctec_arm_sdk/winarm/bin/../lib/gcc/arm-elf/4.1.1/../../../../arm-elf/lib/thumb/interwork\libc.a(memmove.o)
 .glue_7        0x0001971c        0x0 c:/asctec_arm_sdk/winarm/bin/../lib/gcc/arm-elf/4.1.1/../../../../arm-elf/lib/thumb/interwork\libc.a(memset.o)
 .glue_7        0x0001971c        0x0 c:/asctec_arm_sdk/winarm/bin/../lib/gcc/arm-elf/4.1.1/../../../../arm-elf/lib/thumb/interwork\libc.a(mlock.o)
 .glue_7        0x0001971c        0x0 c:/asctec_arm_sdk/winarm/bin/../lib/gcc/arm-elf/4.1.1/../../../../arm-elf/lib/thumb/interwork\libc.a(mprec.o)
 .glue_7        0x0001971c        0x0 c:/asctec_arm_sdk/winarm/bin/../lib/gcc/arm-elf/4.1.1/../../../../arm-elf/lib/thumb/interwork\libc.a(reallocr.o)
 .glue_7        0x0001971c        0x0 c:/asctec_arm_sdk/winarm/bin/../lib/gcc/arm-elf/4.1.1/../../../../arm-elf/lib/thumb/interwork\libc.a(s_isinf.o)
 .glue_7        0x0001971c        0x0 c:/asctec_arm_sdk/winarm/bin/../lib/gcc/arm-elf/4.1.1/../../../../arm-elf/lib/thumb/interwork\libc.a(s_isnan.o)
 .glue_7        0x0001971c        0x0 c:/asctec_arm_sdk/winarm/bin/../lib/gcc/arm-elf/4.1.1/../../../../arm-elf/lib/thumb/interwork\libc.a(stdio.o)
 .glue_7        0x0001971c        0x0 c:/asctec_arm_sdk/winarm/bin/../lib/gcc/arm-elf/4.1.1/../../../../arm-elf/lib/thumb/interwork\libc.a(strcmp.o)
 .glue_7        0x0001971c        0x0 c:/asctec_arm_sdk/winarm/bin/../lib/gcc/arm-elf/4.1.1/../../../../arm-elf/lib/thumb/interwork\libc.a(callocr.o)
 .glue_7        0x0001971c        0x0 c:/asctec_arm_sdk/winarm/bin/../lib/gcc/arm-elf/4.1.1/../../../../arm-elf/lib/thumb/interwork\libc.a(fclose.o)
 .glue_7        0x0001971c        0x0 c:/asctec_arm_sdk/winarm/bin/../lib/gcc/arm-elf/4.1.1/thumb/interwork\libgcc.a(_udivsi3.o)
 .glue_7        0x0001971c        0x0 c:/asctec_arm_sdk/winarm/bin/../lib/gcc/arm-elf/4.1.1/thumb/interwork\libgcc.a(_divsi3.o)
 .glue_7        0x0001971c        0x0 c:/asctec_arm_sdk/winarm/bin/../lib/gcc/arm-elf/4.1.1/thumb/interwork\libgcc.a(_umodsi3.o)
 .glue_7        0x0001971c        0x0 c:/asctec_arm_sdk/winarm/bin/../lib/gcc/arm-elf/4.1.1/thumb/interwork\libgcc.a(_modsi3.o)
 .glue_7        0x0001971c        0x0 c:/asctec_arm_sdk/winarm/bin/../lib/gcc/arm-elf/4.1.1/thumb/interwork\libgcc.a(_dvmd_tls.o)
 .glue_7        0x0001971c        0x0 c:/asctec_arm_sdk/winarm/bin/../lib/gcc/arm-elf/4.1.1/thumb/interwork\libgcc.a(_addsubdf3.o)
 .glue_7        0x0001971c        0x0 c:/asctec_arm_sdk/winarm/bin/../lib/gcc/arm-elf/4.1.1/thumb/interwork\libgcc.a(_muldivdf3.o)
 .glue_7        0x0001971c        0x0 c:/asctec_arm_sdk/winarm/bin/../lib/gcc/arm-elf/4.1.1/thumb/interwork\libgcc.a(_cmpdf2.o)
 .glue_7        0x0001971c        0x0 c:/asctec_arm_sdk/winarm/bin/../lib/gcc/arm-elf/4.1.1/thumb/interwork\libgcc.a(_fixdfsi.o)
 .glue_7        0x0001971c        0x0 c:/asctec_arm_sdk/winarm/bin/../lib/gcc/arm-elf/4.1.1/thumb/interwork\libgcc.a(_truncdfsf2.o)
 .glue_7        0x0001971c        0x0 c:/asctec_arm_sdk/winarm/bin/../lib/gcc/arm-elf/4.1.1/thumb/interwork\libgcc.a(_addsubsf3.o)
 .glue_7        0x0001971c        0x0 c:/asctec_arm_sdk/winarm/bin/../lib/gcc/arm-elf/4.1.1/thumb/interwork\libgcc.a(_muldivsf3.o)
 .glue_7        0x0001971c        0x0 c:/asctec_arm_sdk/winarm/bin/../lib/gcc/arm-elf/4.1.1/thumb/interwork\libgcc.a(_fixsfsi.o)
 .glue_7        0x0001971c        0x0 ./\libdeclination.a(declination.o)
 .glue_7        0x0001971c        0x0 ./\libublox.a(ublox.o)
 .glue_7        0x0001971c        0x0 c:/asctec_arm_sdk/winarm/bin/../lib/gcc/arm-elf/4.1.1/../../../../arm-elf/lib/thumb/interwork\libm.a(s_cos.o)
 .glue_7        0x0001971c        0x0 c:/asctec_arm_sdk/winarm/bin/../lib/gcc/arm-elf/4.1.1/../../../../arm-elf/lib/thumb/interwork\libm.a(s_sin.o)
 .glue_7        0x0001971c        0x0 c:/asctec_arm_sdk/winarm/bin/../lib/gcc/arm-elf/4.1.1/../../../../arm-elf/lib/thumb/interwork\libm.a(w_atan2.o)
 .glue_7        0x0001971c        0x0 c:/asctec_arm_sdk/winarm/bin/../lib/gcc/arm-elf/4.1.1/../../../../arm-elf/lib/thumb/interwork\libm.a(w_sqrt.o)
 .glue_7        0x0001971c        0x0 c:/asctec_arm_sdk/winarm/bin/../lib/gcc/arm-elf/4.1.1/../../../../arm-elf/lib/thumb/interwork\libm.a(e_atan2.o)
 .glue_7        0x0001971c        0x0 c:/asctec_arm_sdk/winarm/bin/../lib/gcc/arm-elf/4.1.1/../../../../arm-elf/lib/thumb/interwork\libm.a(e_rem_pio2.o)
 .glue_7        0x0001971c        0x0 c:/asctec_arm_sdk/winarm/bin/../lib/gcc/arm-elf/4.1.1/../../../../arm-elf/lib/thumb/interwork\libm.a(e_sqrt.o)
 .glue_7        0x0001971c        0x0 c:/asctec_arm_sdk/winarm/bin/../lib/gcc/arm-elf/4.1.1/../../../../arm-elf/lib/thumb/interwork\libm.a(k_cos.o)
 .glue_7        0x0001971c        0x0 c:/asctec_arm_sdk/winarm/bin/../lib/gcc/arm-elf/4.1.1/../../../../arm-elf/lib/thumb/interwork\libm.a(k_rem_pio2.o)
 .glue_7        0x0001971c        0x0 c:/asctec_arm_sdk/winarm/bin/../lib/gcc/arm-elf/4.1.1/../../../../arm-elf/lib/thumb/interwork\libm.a(k_sin.o)
 .glue_7        0x0001971c        0x0 c:/asctec_arm_sdk/winarm/bin/../lib/gcc/arm-elf/4.1.1/../../../../arm-elf/lib/thumb/interwork\libm.a(s_atan.o)
 .glue_7        0x0001971c        0x0 c:/asctec_arm_sdk/winarm/bin/../lib/gcc/arm-elf/4.1.1/../../../../arm-elf/lib/thumb/interwork\libm.a(s_fabs.o)
 .glue_7        0x0001971c        0x0 c:/asctec_arm_sdk/winarm/bin/../lib/gcc/arm-elf/4.1.1/../../../../arm-elf/lib/thumb/interwork\libm.a(s_floor.o)
 .glue_7        0x0001971c        0x0 c:/asctec_arm_sdk/winarm/bin/../lib/gcc/arm-elf/4.1.1/../../../../arm-elf/lib/thumb/interwork\libm.a(s_lib_ver.o)
 .glue_7        0x0001971c        0x0 c:/asctec_arm_sdk/winarm/bin/../lib/gcc/arm-elf/4.1.1/../../../../arm-elf/lib/thumb/interwork\libm.a(s_matherr.o)
 .glue_7        0x0001971c        0x0 c:/asctec_arm_sdk/winarm/bin/../lib/gcc/arm-elf/4.1.1/../../../../arm-elf/lib/thumb/interwork\libm.a(s_scalbn.o)
 .glue_7        0x0001971c        0x0 c:/asctec_arm_sdk/winarm/bin/../lib/gcc/arm-elf/4.1.1/../../../../arm-elf/lib/thumb/interwork\libm.a(s_copysign.o)
 .glue_7        0x0001971c        0x0 c:/asctec_arm_sdk/winarm/bin/../lib/gcc/arm-elf/4.1.1/thumb/interwork\libgcc.a(_cmpsf2.o)
 .glue_7        0x0001971c       0x78 c:/asctec_arm_sdk/winarm/bin/../lib/gcc/arm-elf/4.1.1/../../../../arm-elf/lib/thumb/interwork\libg.a(errno.o)
                0x00019764                __strcpy_from_arm
                0x00019788                __atan2_from_arm
                0x00019758                __strlen_from_arm
                0x00019734                __cos_from_arm
                0x0001974c                ____udivsi3_from_arm
                0x00019740                __sprintf_from_arm
                0x00019728                ____divsi3_from_arm
                0x0001971c                __memcpy_from_arm
                0x00019770                __sin_from_arm
                0x0001977c                __sqrt_from_arm
 *(.glue_7t)
 .glue_7t       0x00019794        0x0 Common_WinARM/src/Startup.o
 .glue_7t       0x00019794        0x0 Common_WinARM/src/swi_handler.o
 .glue_7t       0x00019794        0x0 LL_HL_comm.o
 .glue_7t       0x00019794        0x0 mymath.o
 .glue_7t       0x00019794        0x0 gpsmath.o
 .glue_7t       0x00019794        0x0 sdk.o
 .glue_7t       0x00019794        0x0 sdk_telemetry.o
 .glue_7t       0x00019794        0x0 buzzer.o
 .glue_7t       0x00019794        0x0 lpc_aci_eeprom.o
 .glue_7t       0x00019794        0x0 asctecCommIntfOnboard.o
 .glue_7t       0x00019794        0x0 buildInfoSetup.o
 .glue_7t       0x00019794        0x0 main.o
 .glue_7t       0x00019794        0x0 hardware.o
 .glue_7t       0x00019794        0x0 system.o
 .glue_7t       0x00019794        0x0 uart.o
 .glue_7t       0x00019794        0x0 syscalls.o
 .glue_7t       0x00019794        0x0 i2c.o
 .glue_7t       0x00019794        0x0 i2c1.o
 .glue_7t       0x00019794        0x0 Common_WinARM/src/irq.o
 .glue_7t       0x00019794        0x0 adc.o
 .glue_7t       0x00019794        0x0 ssp.o
 .glue_7t       0x00019794        0x0 pelican_ptu.o
 .glue_7t       0x00019794        0x0 jetiTelemetry.o
 .glue_7t       0x00019794        0x0 LPC2k_ee.o
 .glue_7t       0x00019794        0x0 lab.o
 .glue_7t       0x00019794        0x0 c:/asctec_arm_sdk/winarm/bin/../lib/gcc/arm-elf/4.1.1/../../../../arm-elf/lib/thumb/interwork\libc.a(memcpy.o)
 .glue_7t       0x00019794        0x0 c:/asctec_arm_sdk/winarm/bin/../lib/gcc/arm-elf/4.1.1/../../../../arm-elf/lib/thumb/interwork\libc.a(sprintf.o)
 .glue_7t       0x00019794        0x0 c:/asctec_arm_sdk/winarm/bin/../lib/gcc/arm-elf/4.1.1/../../../../arm-elf/lib/thumb/interwork\libc.a(strcpy.o)
 .glue_7t       0x00019794        0x0 c:/asctec_arm_sdk/winarm/bin/../lib/gcc/arm-elf/4.1.1/../../../../arm-elf/lib/thumb/interwork\libc.a(strlen.o)
 .glue_7t       0x00019794        0x0 c:/asctec_arm_sdk/winarm/bin/../lib/gcc/arm-elf/4.1.1/../../../../arm-elf/lib/thumb/interwork\libc.a(vfprintf.o)
 .glue_7t       0x00019794        0x0 c:/asctec_arm_sdk/winarm/bin/../lib/gcc/arm-elf/4.1.1/../../../../arm-elf/lib/thumb/interwork\libc.a(wcrtomb.o)
 .glue_7t       0x00019794        0x0 c:/asctec_arm_sdk/winarm/bin/../lib/gcc/arm-elf/4.1.1/../../../../arm-elf/lib/thumb/interwork\libc.a(wcsrtombs.o)
 .glue_7t       0x00019794        0x0 c:/asctec_arm_sdk/winarm/bin/../lib/gcc/arm-elf/4.1.1/../../../../arm-elf/lib/thumb/interwork\libc.a(wctomb_r.o)
 .glue_7t       0x00019794        0x0 c:/asctec_arm_sdk/winarm/bin/../lib/gcc/arm-elf/4.1.1/../../../../arm-elf/lib/thumb/interwork\libc.a(wsetup.o)
 .glue_7t       0x00019794        0x0 c:/asctec_arm_sdk/winarm/bin/../lib/gcc/arm-elf/4.1.1/../../../../arm-elf/lib/thumb/interwork\libc.a(dtoa.o)
 .glue_7t       0x00019794        0x0 c:/asctec_arm_sdk/winarm/bin/../lib/gcc/arm-elf/4.1.1/../../../../arm-elf/lib/thumb/interwork\libc.a(fflush.o)
 .glue_7t       0x00019794        0x0 c:/asctec_arm_sdk/winarm/bin/../lib/gcc/arm-elf/4.1.1/../../../../arm-elf/lib/thumb/interwork\libc.a(findfp.o)
 .glue_7t       0x00019794        0x0 c:/asctec_arm_sdk/winarm/bin/../lib/gcc/arm-elf/4.1.1/../../../../arm-elf/lib/thumb/interwork\libc.a(freer.o)
 .glue_7t       0x00019794        0x0 c:/asctec_arm_sdk/winarm/bin/../lib/gcc/arm-elf/4.1.1/../../../../arm-elf/lib/thumb/interwork\libc.a(fvwrite.o)
 .glue_7t       0x00019794        0x0 c:/asctec_arm_sdk/winarm/bin/../lib/gcc/arm-elf/4.1.1/../../../../arm-elf/lib/thumb/interwork\libc.a(fwalk.o)
 .glue_7t       0x00019794        0x0 c:/asctec_arm_sdk/winarm/bin/../lib/gcc/arm-elf/4.1.1/../../../../arm-elf/lib/thumb/interwork\libc.a(impure.o)
 .glue_7t       0x00019794        0x0 c:/asctec_arm_sdk/winarm/bin/../lib/gcc/arm-elf/4.1.1/../../../../arm-elf/lib/thumb/interwork\libc.a(locale.o)
 .glue_7t       0x00019794        0x0 c:/asctec_arm_sdk/winarm/bin/../lib/gcc/arm-elf/4.1.1/../../../../arm-elf/lib/thumb/interwork\libc.a(makebuf.o)
 .glue_7t       0x00019794        0x0 c:/asctec_arm_sdk/winarm/bin/../lib/gcc/arm-elf/4.1.1/../../../../arm-elf/lib/thumb/interwork\libc.a(mallocr.o)
 .glue_7t       0x00019794        0x0 c:/asctec_arm_sdk/winarm/bin/../lib/gcc/arm-elf/4.1.1/../../../../arm-elf/lib/thumb/interwork\libc.a(memchr.o)
 .glue_7t       0x00019794        0x0 c:/asctec_arm_sdk/winarm/bin/../lib/gcc/arm-elf/4.1.1/../../../../arm-elf/lib/thumb/interwork\libc.a(memmove.o)
 .glue_7t       0x00019794        0x0 c:/asctec_arm_sdk/winarm/bin/../lib/gcc/arm-elf/4.1.1/../../../../arm-elf/lib/thumb/interwork\libc.a(memset.o)
 .glue_7t       0x00019794        0x0 c:/asctec_arm_sdk/winarm/bin/../lib/gcc/arm-elf/4.1.1/../../../../arm-elf/lib/thumb/interwork\libc.a(mlock.o)
 .glue_7t       0x00019794        0x0 c:/asctec_arm_sdk/winarm/bin/../lib/gcc/arm-elf/4.1.1/../../../../arm-elf/lib/thumb/interwork\libc.a(mprec.o)
 .glue_7t       0x00019794        0x0 c:/asctec_arm_sdk/winarm/bin/../lib/gcc/arm-elf/4.1.1/../../../../arm-elf/lib/thumb/interwork\libc.a(reallocr.o)
 .glue_7t       0x00019794        0x0 c:/asctec_arm_sdk/winarm/bin/../lib/gcc/arm-elf/4.1.1/../../../../arm-elf/lib/thumb/interwork\libc.a(s_isinf.o)
 .glue_7t       0x00019794        0x0 c:/asctec_arm_sdk/winarm/bin/../lib/gcc/arm-elf/4.1.1/../../../../arm-elf/lib/thumb/interwork\libc.a(s_isnan.o)
 .glue_7t       0x00019794        0x0 c:/asctec_arm_sdk/winarm/bin/../lib/gcc/arm-elf/4.1.1/../../../../arm-elf/lib/thumb/interwork\libc.a(stdio.o)
 .glue_7t       0x00019794        0x0 c:/asctec_arm_sdk/winarm/bin/../lib/gcc/arm-elf/4.1.1/../../../../arm-elf/lib/thumb/interwork\libc.a(strcmp.o)
 .glue_7t       0x00019794        0x0 c:/asctec_arm_sdk/winarm/bin/../lib/gcc/arm-elf/4.1.1/../../../../arm-elf/lib/thumb/interwork\libc.a(callocr.o)
 .glue_7t       0x00019794        0x0 c:/asctec_arm_sdk/winarm/bin/../lib/gcc/arm-elf/4.1.1/../../../../arm-elf/lib/thumb/interwork\libc.a(fclose.o)
 .glue_7t       0x00019794        0x0 c:/asctec_arm_sdk/winarm/bin/../lib/gcc/arm-elf/4.1.1/thumb/interwork\libgcc.a(_udivsi3.o)
 .glue_7t       0x00019794        0x0 c:/asctec_arm_sdk/winarm/bin/../lib/gcc/arm-elf/4.1.1/thumb/interwork\libgcc.a(_divsi3.o)
 .glue_7t       0x00019794        0x0 c:/asctec_arm_sdk/winarm/bin/../lib/gcc/arm-elf/4.1.1/thumb/interwork\libgcc.a(_umodsi3.o)
 .glue_7t       0x00019794        0x0 c:/asctec_arm_sdk/winarm/bin/../lib/gcc/arm-elf/4.1.1/thumb/interwork\libgcc.a(_modsi3.o)
 .glue_7t       0x00019794        0x0 c:/asctec_arm_sdk/winarm/bin/../lib/gcc/arm-elf/4.1.1/thumb/interwork\libgcc.a(_dvmd_tls.o)
 .glue_7t       0x00019794        0x0 c:/asctec_arm_sdk/winarm/bin/../lib/gcc/arm-elf/4.1.1/thumb/interwork\libgcc.a(_addsubdf3.o)
 .glue_7t       0x00019794        0x0 c:/asctec_arm_sdk/winarm/bin/../lib/gcc/arm-elf/4.1.1/thumb/interwork\libgcc.a(_muldivdf3.o)
 .glue_7t       0x00019794        0x0 c:/asctec_arm_sdk/winarm/bin/../lib/gcc/arm-elf/4.1.1/thumb/interwork\libgcc.a(_cmpdf2.o)
 .glue_7t       0x00019794        0x0 c:/asctec_arm_sdk/winarm/bin/../lib/gcc/arm-elf/4.1.1/thumb/interwork\libgcc.a(_fixdfsi.o)
 .glue_7t       0x00019794        0x0 c:/asctec_arm_sdk/winarm/bin/../lib/gcc/arm-elf/4.1.1/thumb/interwork\libgcc.a(_truncdfsf2.o)
 .glue_7t       0x00019794        0x0 c:/asctec_arm_sdk/winarm/bin/../lib/gcc/arm-elf/4.1.1/thumb/interwork\libgcc.a(_addsubsf3.o)
 .glue_7t       0x00019794        0x0 c:/asctec_arm_sdk/winarm/bin/../lib/gcc/arm-elf/4.1.1/thumb/interwork\libgcc.a(_muldivsf3.o)
 .glue_7t       0x00019794        0x0 c:/asctec_arm_sdk/winarm/bin/../lib/gcc/arm-elf/4.1.1/thumb/interwork\libgcc.a(_fixsfsi.o)
 .glue_7t       0x00019794        0x0 ./\libdeclination.a(declination.o)
 .glue_7t       0x00019794        0x0 ./\libublox.a(ublox.o)
 .glue_7t       0x00019794        0x0 c:/asctec_arm_sdk/winarm/bin/../lib/gcc/arm-elf/4.1.1/../../../../arm-elf/lib/thumb/interwork\libm.a(s_cos.o)
 .glue_7t       0x00019794        0x0 c:/asctec_arm_sdk/winarm/bin/../lib/gcc/arm-elf/4.1.1/../../../../arm-elf/lib/thumb/interwork\libm.a(s_sin.o)
 .glue_7t       0x00019794        0x0 c:/asctec_arm_sdk/winarm/bin/../lib/gcc/arm-elf/4.1.1/../../../../arm-elf/lib/thumb/interwork\libm.a(w_atan2.o)
 .glue_7t       0x00019794        0x0 c:/asctec_arm_sdk/winarm/bin/../lib/gcc/arm-elf/4.1.1/../../../../arm-elf/lib/thumb/interwork\libm.a(w_sqrt.o)
 .glue_7t       0x00019794        0x0 c:/asctec_arm_sdk/winarm/bin/../lib/gcc/arm-elf/4.1.1/../../../../arm-elf/lib/thumb/interwork\libm.a(e_atan2.o)
 .glue_7t       0x00019794        0x0 c:/asctec_arm_sdk/winarm/bin/../lib/gcc/arm-elf/4.1.1/../../../../arm-elf/lib/thumb/interwork\libm.a(e_rem_pio2.o)
 .glue_7t       0x00019794        0x0 c:/asctec_arm_sdk/winarm/bin/../lib/gcc/arm-elf/4.1.1/../../../../arm-elf/lib/thumb/interwork\libm.a(e_sqrt.o)
 .glue_7t       0x00019794        0x0 c:/asctec_arm_sdk/winarm/bin/../lib/gcc/arm-elf/4.1.1/../../../../arm-elf/lib/thumb/interwork\libm.a(k_cos.o)
 .glue_7t       0x00019794        0x0 c:/asctec_arm_sdk/winarm/bin/../lib/gcc/arm-elf/4.1.1/../../../../arm-elf/lib/thumb/interwork\libm.a(k_rem_pio2.o)
 .glue_7t       0x00019794        0x0 c:/asctec_arm_sdk/winarm/bin/../lib/gcc/arm-elf/4.1.1/../../../../arm-elf/lib/thumb/interwork\libm.a(k_sin.o)
 .glue_7t       0x00019794        0x0 c:/asctec_arm_sdk/winarm/bin/../lib/gcc/arm-elf/4.1.1/../../../../arm-elf/lib/thumb/interwork\libm.a(s_atan.o)
 .glue_7t       0x00019794        0x0 c:/asctec_arm_sdk/winarm/bin/../lib/gcc/arm-elf/4.1.1/../../../../arm-elf/lib/thumb/interwork\libm.a(s_fabs.o)
 .glue_7t       0x00019794        0x0 c:/asctec_arm_sdk/winarm/bin/../lib/gcc/arm-elf/4.1.1/../../../../arm-elf/lib/thumb/interwork\libm.a(s_floor.o)
 .glue_7t       0x00019794        0x0 c:/asctec_arm_sdk/winarm/bin/../lib/gcc/arm-elf/4.1.1/../../../../arm-elf/lib/thumb/interwork\libm.a(s_lib_ver.o)
 .glue_7t       0x00019794        0x0 c:/asctec_arm_sdk/winarm/bin/../lib/gcc/arm-elf/4.1.1/../../../../arm-elf/lib/thumb/interwork\libm.a(s_matherr.o)
 .glue_7t       0x00019794        0x0 c:/asctec_arm_sdk/winarm/bin/../lib/gcc/arm-elf/4.1.1/../../../../arm-elf/lib/thumb/interwork\libm.a(s_scalbn.o)
 .glue_7t       0x00019794        0x0 c:/asctec_arm_sdk/winarm/bin/../lib/gcc/arm-elf/4.1.1/../../../../arm-elf/lib/thumb/interwork\libm.a(s_copysign.o)
 .glue_7t       0x00019794        0x0 c:/asctec_arm_sdk/winarm/bin/../lib/gcc/arm-elf/4.1.1/thumb/interwork\libgcc.a(_cmpsf2.o)
 .glue_7t       0x00019794       0x90 c:/asctec_arm_sdk/winarm/bin/../lib/gcc/arm-elf/4.1.1/../../../../arm-elf/lib/thumb/interwork\libg.a(errno.o)
                0x000197f0                ___sbrk_r_change_to_arm
                0x0001981c                ___read_r_from_thumb
                0x000197dc                ____gtdf2_from_thumb
                0x000197bc                ____subdf3_from_thumb
                0x00019798                ____ltdf2_change_to_arm
                0x000197c0                ____subdf3_change_to_arm
                0x000197e8                ____gedf2_change_to_arm
                0x000197f4                ___fstat_r_from_thumb
                0x00019800                __isatty_change_to_arm
                0x000197a4                ____eqdf2_from_thumb
                0x00019808                ___close_r_change_to_arm
                0x00019820                ___read_r_change_to_arm
                0x000197cc                ____fixdfsi_from_thumb
                0x000197d8                ____divdf3_change_to_arm
                0x000197e4                ____gedf2_from_thumb
                0x000197f8                ___fstat_r_change_to_arm
                0x000197c8                ____muldf3_change_to_arm
                0x00019810                ___lseek_r_change_to_arm
                0x000197d0                ____fixdfsi_change_to_arm
                0x000197d4                ____divdf3_from_thumb
                0x000197b8                ____adddf3_change_to_arm
                0x000197e0                ____gtdf2_change_to_arm
                0x00019818                ___write_r_change_to_arm
                0x0001980c                ___lseek_r_from_thumb
                0x000197ac                ____floatsidf_from_thumb
                0x00019794                ____ltdf2_from_thumb
                0x000197a0                ____nedf2_change_to_arm
                0x000197b4                ____adddf3_from_thumb
                0x00019804                ___close_r_from_thumb
                0x000197a8                ____eqdf2_change_to_arm
                0x000197ec                ___sbrk_r_from_thumb
                0x000197c4                ____muldf3_from_thumb
                0x0001979c                ____nedf2_from_thumb
                0x00019814                ___write_r_from_thumb
                0x000197b0                ____floatsidf_change_to_arm
                0x000197fc                __isatty_from_thumb
 *(.gcc_except_table)
 *(.rodata)
 .rodata        0x00019824        0x6 asctecCommIntfOnboard.o
 .rodata        0x0001982a       0x24 buildInfoSetup.o
 *fill*         0x0001984e        0x2 00
 .rodata        0x00019850      0x3d8 main.o
 .rodata        0x00019c28      0x184 c:/asctec_arm_sdk/winarm/bin/../lib/gcc/arm-elf/4.1.1/../../../../arm-elf/lib/thumb/interwork\libc.a(vfprintf.o)
 .rodata        0x00019dac       0x18 c:/asctec_arm_sdk/winarm/bin/../lib/gcc/arm-elf/4.1.1/../../../../arm-elf/lib/thumb/interwork\libc.a(dtoa.o)
 .rodata        0x00019dc4        0x4 c:/asctec_arm_sdk/winarm/bin/../lib/gcc/arm-elf/4.1.1/../../../../arm-elf/lib/thumb/interwork\libc.a(impure.o)
                0x00019dc4                _global_impure_ptr
 .rodata        0x00019dc8       0x34 c:/asctec_arm_sdk/winarm/bin/../lib/gcc/arm-elf/4.1.1/../../../../arm-elf/lib/thumb/interwork\libc.a(locale.o)
 .rodata        0x00019dfc      0x124 c:/asctec_arm_sdk/winarm/bin/../lib/gcc/arm-elf/4.1.1/../../../../arm-elf/lib/thumb/interwork\libc.a(mprec.o)
                0x00019eec                __mprec_tinytens
                0x00019dfc                __mprec_tens
                0x00019ec4                __mprec_bigtens
 .rodata        0x00019f20       0xe2 ./\libublox.a(ublox.o)
 *fill*         0x0001a002        0x2 00
 .rodata        0x0001a004      0x188 c:/asctec_arm_sdk/winarm/bin/../lib/gcc/arm-elf/4.1.1/../../../../arm-elf/lib/thumb/interwork\libm.a(e_rem_pio2.o)
 .rodata        0x0001a18c       0x50 c:/asctec_arm_sdk/winarm/bin/../lib/gcc/arm-elf/4.1.1/../../../../arm-elf/lib/thumb/interwork\libm.a(k_rem_pio2.o)
 .rodata        0x0001a1dc       0x40 c:/asctec_arm_sdk/winarm/bin/../lib/gcc/arm-elf/4.1.1/../../../../arm-elf/lib/thumb/interwork\libm.a(s_atan.o)
 .rodata        0x0001a21c        0x4 c:/asctec_arm_sdk/winarm/bin/../lib/gcc/arm-elf/4.1.1/../../../../arm-elf/lib/thumb/interwork\libm.a(s_lib_ver.o)
                0x0001a21c                __fdlib_version
 *(.rodata*)
 .rodata.str1.4
                0x0001a220      0x1ff sdk_telemetry.o
                                0x204 (size before relaxing)
 *fill*         0x0001a41f        0x1 00
 .rodata.str1.4
                0x0001a420        0xc buildInfoSetup.o
 .rodata.str1.4
                0x0001a42c       0x63 c:/asctec_arm_sdk/winarm/bin/../lib/gcc/arm-elf/4.1.1/../../../../arm-elf/lib/thumb/interwork\libc.a(vfprintf.o)
                                 0x64 (size before relaxing)
 *fill*         0x0001a48f        0x1 00
 .rodata.str1.4
                0x0001a490       0x1e c:/asctec_arm_sdk/winarm/bin/../lib/gcc/arm-elf/4.1.1/../../../../arm-elf/lib/thumb/interwork\libc.a(wctomb_r.o)
                                 0x20 (size before relaxing)
 *fill*         0x0001a4ae        0x2 00
 .rodata.str1.4
                0x0001a4b0       0x10 c:/asctec_arm_sdk/winarm/bin/../lib/gcc/arm-elf/4.1.1/../../../../arm-elf/lib/thumb/interwork\libc.a(dtoa.o)
                                 0x14 (size before relaxing)
 .rodata.str1.4
                0x0001a4c0        0x2 c:/asctec_arm_sdk/winarm/bin/../lib/gcc/arm-elf/4.1.1/../../../../arm-elf/lib/thumb/interwork\libc.a(impure.o)
                                  0x4 (size before relaxing)
 *fill*         0x0001a4c2        0x2 00
 .rodata.str1.4
                0x0001a4c4        0xb c:/asctec_arm_sdk/winarm/bin/../lib/gcc/arm-elf/4.1.1/../../../../arm-elf/lib/thumb/interwork\libc.a(locale.o)
                                 0x18 (size before relaxing)
 *fill*         0x0001a4cf        0x1 00
 .rodata.str1.4
                0x0001a4d0        0x6 c:/asctec_arm_sdk/winarm/bin/../lib/gcc/arm-elf/4.1.1/../../../../arm-elf/lib/thumb/interwork\libm.a(w_atan2.o)
                                  0x8 (size before relaxing)
 *fill*         0x0001a4d6        0x2 00
 .rodata.str1.4
                0x0001a4d8        0x8 c:/asctec_arm_sdk/winarm/bin/../lib/gcc/arm-elf/4.1.1/../../../../arm-elf/lib/thumb/interwork\libm.a(w_sqrt.o)
 *(.gnu.linkonce.r.*)
                0x0001a4e0                . = ALIGN (0x4)
                0x0001a4e0                . = ALIGN (0x4)

.ctors          0x0001a4e0        0x0
                0x0001a4e0                PROVIDE (__ctors_start__, .)
 *(SORT(.ctors.*))
 *(.ctors)
                0x0001a4e0                . = ALIGN (0x4)
                0x0001a4e0                PROVIDE (__ctors_end__, .)
                0x0001a4e0                . = ALIGN (0x4)

.dtors          0x0001a4e0        0x0
                0x0001a4e0                PROVIDE (__dtors_start__, .)
 *(SORT(.dtors.*))
 *(.dtors)
                0x0001a4e0                . = ALIGN (0x4)
                0x0001a4e0                PROVIDE (__dtors_end__, .)
                0x0001a4e0                . = ALIGN (0x4)
                0x0001a4e0                . = ALIGN (0x4)
                0x0001a4e0                _etext = .
                0x0001a4e0                PROVIDE (etext, .)

.data           0x40000000      0xddc load address 0x0001a4e0
                0x40000000                _data = .
 *(.vectmapped)
                0x40000000                . = ALIGN (0x4)
 *(.fastrun)
                0x40000000                . = ALIGN (0x4)
                0x40000000                . = ALIGN (0x4)
 *(.data)
 .data          0x40000000        0x0 Common_WinARM/src/Startup.o
 .data          0x40000000        0x0 Common_WinARM/src/swi_handler.o
 .data          0x40000000        0x0 LL_HL_comm.o
 .data          0x40000000        0x0 mymath.o
 .data          0x40000000        0x0 gpsmath.o
 .data          0x40000000        0xc sdk.o
                0x40000000                firebit
                0x40000004                SPItxDone
 .data          0x4000000c        0x0 sdk_telemetry.o
 .data          0x4000000c        0xc buzzer.o
                0x40000010                ALARM_battery_warning_voltage_low
                0x4000000e                ALARM_battery_warning_voltage_high
                0x4000000c                buzzer_warnings
 .data          0x40000018        0x0 lpc_aci_eeprom.o
 .data          0x40000018       0x14 asctecCommIntfOnboard.o
                0x40000018                aciVarPacketTransmissionRate
                0x4000002a                aciMagicCodePar
                0x4000001e                entry_exist
                0x40000028                aciMagicCodeCmd
                0x40000024                aciHeartBeatTimeout
                0x40000026                aciMagicCodeVar
                0x40000020                aciEngineRate
 .data          0x4000002c        0x0 buildInfoSetup.o
 .data          0x4000002c        0x3 main.o
                0x4000002c                DataOutputsPerSecond
                0x4000002d                PTU_cam_option_4_version
 .data          0x4000002f        0x0 hardware.o
 .data          0x4000002f        0x0 system.o
 .data          0x4000002f        0x7 uart.o
                0x40000033                stopstring
                0x40000030                startstring
                0x4000002f                chksum_trigger
 .data          0x40000036        0x0 syscalls.o
 .data          0x40000036        0x0 i2c.o
 .data          0x40000036        0x0 i2c1.o
 .data          0x40000036        0x0 Common_WinARM/src/irq.o
 .data          0x40000036        0x0 adc.o
 .data          0x40000036        0x3 ssp.o
                0x40000037                SSP_receiption_complete
                0x40000038                data_sent_to_HL
                0x40000036                data_sent_to_LL
 .data          0x40000039        0x0 pelican_ptu.o
 .data          0x40000039        0x0 jetiTelemetry.o
 .data          0x40000039        0x0 LPC2k_ee.o
 *fill*         0x40000039        0x3 00
 .data          0x4000003c       0x28 lab.o
                0x40000048                kF
                0x4000005c                g
                0x40000060                sample_rate
                0x40000054                l
                0x40000040                k2
                0x40000050                beta
                0x40000044                period
                0x4000003c                k1
                0x40000058                m
                0x4000004c                alpha
 .data          0x40000064        0x0 c:/asctec_arm_sdk/winarm/bin/../lib/gcc/arm-elf/4.1.1/../../../../arm-elf/lib/thumb/interwork\libc.a(memcpy.o)
 .data          0x40000064        0x0 c:/asctec_arm_sdk/winarm/bin/../lib/gcc/arm-elf/4.1.1/../../../../arm-elf/lib/thumb/interwork\libc.a(sprintf.o)
 .data          0x40000064        0x0 c:/asctec_arm_sdk/winarm/bin/../lib/gcc/arm-elf/4.1.1/../../../../arm-elf/lib/thumb/interwork\libc.a(strcpy.o)
 .data          0x40000064        0x0 c:/asctec_arm_sdk/winarm/bin/../lib/gcc/arm-elf/4.1.1/../../../../arm-elf/lib/thumb/interwork\libc.a(strlen.o)
 .data          0x40000064        0x0 c:/asctec_arm_sdk/winarm/bin/../lib/gcc/arm-elf/4.1.1/../../../../arm-elf/lib/thumb/interwork\libc.a(vfprintf.o)
 .data          0x40000064        0x0 c:/asctec_arm_sdk/winarm/bin/../lib/gcc/arm-elf/4.1.1/../../../../arm-elf/lib/thumb/interwork\libc.a(wcrtomb.o)
 .data          0x40000064        0x0 c:/asctec_arm_sdk/winarm/bin/../lib/gcc/arm-elf/4.1.1/../../../../arm-elf/lib/thumb/interwork\libc.a(wcsrtombs.o)
 .data          0x40000064        0x0 c:/asctec_arm_sdk/winarm/bin/../lib/gcc/arm-elf/4.1.1/../../../../arm-elf/lib/thumb/interwork\libc.a(wctomb_r.o)
 .data          0x40000064        0x0 c:/asctec_arm_sdk/winarm/bin/../lib/gcc/arm-elf/4.1.1/../../../../arm-elf/lib/thumb/interwork\libc.a(wsetup.o)
 .data          0x40000064        0x0 c:/asctec_arm_sdk/winarm/bin/../lib/gcc/arm-elf/4.1.1/../../../../arm-elf/lib/thumb/interwork\libc.a(dtoa.o)
 .data          0x40000064        0x0 c:/asctec_arm_sdk/winarm/bin/../lib/gcc/arm-elf/4.1.1/../../../../arm-elf/lib/thumb/interwork\libc.a(fflush.o)
 .data          0x40000064        0x0 c:/asctec_arm_sdk/winarm/bin/../lib/gcc/arm-elf/4.1.1/../../../../arm-elf/lib/thumb/interwork\libc.a(findfp.o)
 .data          0x40000064        0x0 c:/asctec_arm_sdk/winarm/bin/../lib/gcc/arm-elf/4.1.1/../../../../arm-elf/lib/thumb/interwork\libc.a(freer.o)
 .data          0x40000064        0x0 c:/asctec_arm_sdk/winarm/bin/../lib/gcc/arm-elf/4.1.1/../../../../arm-elf/lib/thumb/interwork\libc.a(fvwrite.o)
 .data          0x40000064        0x0 c:/asctec_arm_sdk/winarm/bin/../lib/gcc/arm-elf/4.1.1/../../../../arm-elf/lib/thumb/interwork\libc.a(fwalk.o)
 .data          0x40000064      0x404 c:/asctec_arm_sdk/winarm/bin/../lib/gcc/arm-elf/4.1.1/../../../../arm-elf/lib/thumb/interwork\libc.a(impure.o)
                0x40000064                _impure_ptr
 .data          0x40000468       0x10 c:/asctec_arm_sdk/winarm/bin/../lib/gcc/arm-elf/4.1.1/../../../../arm-elf/lib/thumb/interwork\libc.a(locale.o)
                0x40000468                __mb_cur_max
                0x4000046c                __lc_ctype
 .data          0x40000478        0x0 c:/asctec_arm_sdk/winarm/bin/../lib/gcc/arm-elf/4.1.1/../../../../arm-elf/lib/thumb/interwork\libc.a(makebuf.o)
 .data          0x40000478      0x410 c:/asctec_arm_sdk/winarm/bin/../lib/gcc/arm-elf/4.1.1/../../../../arm-elf/lib/thumb/interwork\libc.a(mallocr.o)
                0x40000884                __malloc_sbrk_base
                0x40000478                __malloc_av_
                0x40000880                __malloc_trim_threshold
 .data          0x40000888        0x0 c:/asctec_arm_sdk/winarm/bin/../lib/gcc/arm-elf/4.1.1/../../../../arm-elf/lib/thumb/interwork\libc.a(memchr.o)
 .data          0x40000888        0x0 c:/asctec_arm_sdk/winarm/bin/../lib/gcc/arm-elf/4.1.1/../../../../arm-elf/lib/thumb/interwork\libc.a(memmove.o)
 .data          0x40000888        0x0 c:/asctec_arm_sdk/winarm/bin/../lib/gcc/arm-elf/4.1.1/../../../../arm-elf/lib/thumb/interwork\libc.a(memset.o)
 .data          0x40000888        0x0 c:/asctec_arm_sdk/winarm/bin/../lib/gcc/arm-elf/4.1.1/../../../../arm-elf/lib/thumb/interwork\libc.a(mlock.o)
 .data          0x40000888        0x0 c:/asctec_arm_sdk/winarm/bin/../lib/gcc/arm-elf/4.1.1/../../../../arm-elf/lib/thumb/interwork\libc.a(mprec.o)
 .data          0x40000888        0x0 c:/asctec_arm_sdk/winarm/bin/../lib/gcc/arm-elf/4.1.1/../../../../arm-elf/lib/thumb/interwork\libc.a(reallocr.o)
 .data          0x40000888        0x0 c:/asctec_arm_sdk/winarm/bin/../lib/gcc/arm-elf/4.1.1/../../../../arm-elf/lib/thumb/interwork\libc.a(s_isinf.o)
 .data          0x40000888        0x0 c:/asctec_arm_sdk/winarm/bin/../lib/gcc/arm-elf/4.1.1/../../../../arm-elf/lib/thumb/interwork\libc.a(s_isnan.o)
 .data          0x40000888        0x0 c:/asctec_arm_sdk/winarm/bin/../lib/gcc/arm-elf/4.1.1/../../../../arm-elf/lib/thumb/interwork\libc.a(stdio.o)
 .data          0x40000888        0x0 c:/asctec_arm_sdk/winarm/bin/../lib/gcc/arm-elf/4.1.1/../../../../arm-elf/lib/thumb/interwork\libc.a(strcmp.o)
 .data          0x40000888        0x0 c:/asctec_arm_sdk/winarm/bin/../lib/gcc/arm-elf/4.1.1/../../../../arm-elf/lib/thumb/interwork\libc.a(callocr.o)
 .data          0x40000888        0x0 c:/asctec_arm_sdk/winarm/bin/../lib/gcc/arm-elf/4.1.1/../../../../arm-elf/lib/thumb/interwork\libc.a(fclose.o)
 .data          0x40000888        0x0 c:/asctec_arm_sdk/winarm/bin/../lib/gcc/arm-elf/4.1.1/thumb/interwork\libgcc.a(_udivsi3.o)
 .data          0x40000888        0x0 c:/asctec_arm_sdk/winarm/bin/../lib/gcc/arm-elf/4.1.1/thumb/interwork\libgcc.a(_divsi3.o)
 .data          0x40000888        0x0 c:/asctec_arm_sdk/winarm/bin/../lib/gcc/arm-elf/4.1.1/thumb/interwork\libgcc.a(_umodsi3.o)
 .data          0x40000888        0x0 c:/asctec_arm_sdk/winarm/bin/../lib/gcc/arm-elf/4.1.1/thumb/interwork\libgcc.a(_modsi3.o)
 .data          0x40000888        0x0 c:/asctec_arm_sdk/winarm/bin/../lib/gcc/arm-elf/4.1.1/thumb/interwork\libgcc.a(_dvmd_tls.o)
 .data          0x40000888        0x0 c:/asctec_arm_sdk/winarm/bin/../lib/gcc/arm-elf/4.1.1/thumb/interwork\libgcc.a(_addsubdf3.o)
 .data          0x40000888        0x0 c:/asctec_arm_sdk/winarm/bin/../lib/gcc/arm-elf/4.1.1/thumb/interwork\libgcc.a(_muldivdf3.o)
 .data          0x40000888        0x0 c:/asctec_arm_sdk/winarm/bin/../lib/gcc/arm-elf/4.1.1/thumb/interwork\libgcc.a(_cmpdf2.o)
 .data          0x40000888        0x0 c:/asctec_arm_sdk/winarm/bin/../lib/gcc/arm-elf/4.1.1/thumb/interwork\libgcc.a(_fixdfsi.o)
 .data          0x40000888        0x0 c:/asctec_arm_sdk/winarm/bin/../lib/gcc/arm-elf/4.1.1/thumb/interwork\libgcc.a(_truncdfsf2.o)
 .data          0x40000888        0x0 c:/asctec_arm_sdk/winarm/bin/../lib/gcc/arm-elf/4.1.1/thumb/interwork\libgcc.a(_addsubsf3.o)
 .data          0x40000888        0x0 c:/asctec_arm_sdk/winarm/bin/../lib/gcc/arm-elf/4.1.1/thumb/interwork\libgcc.a(_muldivsf3.o)
 .data          0x40000888        0x0 c:/asctec_arm_sdk/winarm/bin/../lib/gcc/arm-elf/4.1.1/thumb/interwork\libgcc.a(_fixsfsi.o)
 .data          0x40000888      0x54c ./\libdeclination.a(declination.o)
 .data          0x40000dd4        0x8 ./\libublox.a(ublox.o)
                0x40000dd4                gpsLEDTrigger
 .data          0x40000ddc        0x0 c:/asctec_arm_sdk/winarm/bin/../lib/gcc/arm-elf/4.1.1/../../../../arm-elf/lib/thumb/interwork\libm.a(s_cos.o)
 .data          0x40000ddc        0x0 c:/asctec_arm_sdk/winarm/bin/../lib/gcc/arm-elf/4.1.1/../../../../arm-elf/lib/thumb/interwork\libm.a(s_sin.o)
 .data          0x40000ddc        0x0 c:/asctec_arm_sdk/winarm/bin/../lib/gcc/arm-elf/4.1.1/../../../../arm-elf/lib/thumb/interwork\libm.a(w_atan2.o)
 .data          0x40000ddc        0x0 c:/asctec_arm_sdk/winarm/bin/../lib/gcc/arm-elf/4.1.1/../../../../arm-elf/lib/thumb/interwork\libm.a(w_sqrt.o)
 .data          0x40000ddc        0x0 c:/asctec_arm_sdk/winarm/bin/../lib/gcc/arm-elf/4.1.1/../../../../arm-elf/lib/thumb/interwork\libm.a(e_atan2.o)
 .data          0x40000ddc        0x0 c:/asctec_arm_sdk/winarm/bin/../lib/gcc/arm-elf/4.1.1/../../../../arm-elf/lib/thumb/interwork\libm.a(e_rem_pio2.o)
 .data          0x40000ddc        0x0 c:/asctec_arm_sdk/winarm/bin/../lib/gcc/arm-elf/4.1.1/../../../../arm-elf/lib/thumb/interwork\libm.a(e_sqrt.o)
 .data          0x40000ddc        0x0 c:/asctec_arm_sdk/winarm/bin/../lib/gcc/arm-elf/4.1.1/../../../../arm-elf/lib/thumb/interwork\libm.a(k_cos.o)
 .data          0x40000ddc        0x0 c:/asctec_arm_sdk/winarm/bin/../lib/gcc/arm-elf/4.1.1/../../../../arm-elf/lib/thumb/interwork\libm.a(k_rem_pio2.o)
 .data          0x40000ddc        0x0 c:/asctec_arm_sdk/winarm/bin/../lib/gcc/arm-elf/4.1.1/../../../../arm-elf/lib/thumb/interwork\libm.a(k_sin.o)
 .data          0x40000ddc        0x0 c:/asctec_arm_sdk/winarm/bin/../lib/gcc/arm-elf/4.1.1/../../../../arm-elf/lib/thumb/interwork\libm.a(s_atan.o)
 .data          0x40000ddc        0x0 c:/asctec_arm_sdk/winarm/bin/../lib/gcc/arm-elf/4.1.1/../../../../arm-elf/lib/thumb/interwork\libm.a(s_fabs.o)
 .data          0x40000ddc        0x0 c:/asctec_arm_sdk/winarm/bin/../lib/gcc/arm-elf/4.1.1/../../../../arm-elf/lib/thumb/interwork\libm.a(s_floor.o)
 .data          0x40000ddc        0x0 c:/asctec_arm_sdk/winarm/bin/../lib/gcc/arm-elf/4.1.1/../../../../arm-elf/lib/thumb/interwork\libm.a(s_lib_ver.o)
 .data          0x40000ddc        0x0 c:/asctec_arm_sdk/winarm/bin/../lib/gcc/arm-elf/4.1.1/../../../../arm-elf/lib/thumb/interwork\libm.a(s_matherr.o)
 .data          0x40000ddc        0x0 c:/asctec_arm_sdk/winarm/bin/../lib/gcc/arm-elf/4.1.1/../../../../arm-elf/lib/thumb/interwork\libm.a(s_scalbn.o)
 .data          0x40000ddc        0x0 c:/asctec_arm_sdk/winarm/bin/../lib/gcc/arm-elf/4.1.1/../../../../arm-elf/lib/thumb/interwork\libm.a(s_copysign.o)
 .data          0x40000ddc        0x0 c:/asctec_arm_sdk/winarm/bin/../lib/gcc/arm-elf/4.1.1/thumb/interwork\libgcc.a(_cmpsf2.o)
 .data          0x40000ddc        0x0 c:/asctec_arm_sdk/winarm/bin/../lib/gcc/arm-elf/4.1.1/../../../../arm-elf/lib/thumb/interwork\libg.a(errno.o)
 *(.data.*)
 *(.gnu.linkonce.d*)
                0x40000ddc                . = ALIGN (0x4)
                0x40000ddc                . = ALIGN (0x4)
                0x40000ddc                _edata = .
                0x40000ddc                PROVIDE (edata, .)

.bss            0x40000ddc     0x48f8
                0x40000ddc                __bss_start = .
                0x40000ddc                __bss_start__ = .
 *(.bss)
 .bss           0x40000ddc        0x0 Common_WinARM/src/Startup.o
 .bss           0x40000ddc        0x0 Common_WinARM/src/swi_handler.o
 .bss           0x40000ddc       0x24 LL_HL_comm.o
                0x40000de6                transmitBuildInfoTrigger
                0x40000de2                wpCtrlNavStatus
                0x40000de0                wpCtrlAckTrigger
                0x40000ddf                wpCtrlWpCmdUpdated
                0x40000de4                wpCtrlDistToWp
                0x40000dde                wpCtrlWpCmd
                0x40000ddc                SSP_ack
 .bss           0x40000e00        0x0 mymath.o
 .bss           0x40000e00        0x4 gpsmath.o
                0x40000e00                gpsDataOkTrigger
 .bss           0x40000e04       0x64 sdk.o
                0x40000e28                SwitchTimer
                0x40000e18                f28027_ready
                0x40000e2c                readSwitchbit
                0x40000e08                my_sdkloop_counter
                0x40000e0c                UsonicTimer
                0x40000e40                SPItxSize
                0x40000e1c                UsonicData
                0x40000e30                MagnetSwitch
                0x40000e3c                SPItxCount
                0x40000e14                SPI0command
                0x40000e05                wpExampleActive
                0x40000e38                GotMagnet
                0x40000e48                testcount
                0x40000e44                numMissedTx
                0x40000e10                SPI0data
                0x40000e34                NewMagnetSwitch
                0x40000e06                emergencyModeUpdate
                0x40000e20                NewUsonicData
                0x40000e04                wpExampleWpNr
                0x40000e24                USMaxBot_range1
 .bss           0x40000e68        0x3 sdk_telemetry.o
 *fill*         0x40000e6b        0x1 00
 .bss           0x40000e6c       0x14 buzzer.o
 .bss           0x40000e80        0x4 lpc_aci_eeprom.o
                0x40000e80                anz_param_saved
 .bss           0x40000e84       0x74 asctecCommIntfOnboard.o
                0x40000ed0                aciHeartBeatCnt
                0x40000edc                aciAddDatatoFlashCallback
                0x40000e88                aciListCmdCount
                0x40000eb2                aciParPacketMagicCode
                0x40000eec                aciSendSingleCount
                0x40000ed8                aciReadWriteEndCallback
                0x40000ea6                aciCmdPacketMagicCode
                0x40000ee0                aciReadParafromFlashCallback
                0x40000ed2                aciInhibitPacketTransmission
                0x40000e84                aciListVarCount
                0x40000ea9                aciCmdPacketWithACK
                0x40000ece                aciTxRingBufferReadPtr
                0x40000eac                aciCmdPacketSendAck
                0x40000eee                aciSendSingleNextBufferCount
                0x40000ec0                aciEngineRateCounter
                0x40000eaf                aciCmdPacketReceived
                0x40000ed4                aciReadWriteStartCallback
                0x40000e8c                aciListParCount
                0x40000e94                aciVarPacketCurrentSize
                0x40000ebe                aciParamSaveIt
                0x40000eb5                aciParPacketSendAck
                0x40000e9a                aciVarPacketNumberOfVars
                0x40000ecc                aciTxRingBufferWritePtr
                0x40000e90                aciVarPacketMagicCode
                0x40000ea0                aciVarPacketUpdated
                0x40000ee8                aciWriteParatoFlashCallback
                0x40000eb8                aciParamPacketReceived
                0x40000ebb                aciParPacketRequest
                0x40000ee4                aciSaveParaCallback
 .bss           0x40000ef8        0x0 buildInfoSetup.o
 .bss           0x40000ef8       0x28 main.o
                0x40000f08                GPS_timeout
                0x40000efc                cnt
                0x40000f00                mainloop_cnt
                0x40000f11                fireflyLedEnabled
                0x40000ef8                int_cnt
                0x40000f10                SYSTEM_initialized
                0x40000f0c                trigger_cnt
                0x40000f04                mainloop_trigger
                0x40000f12                mainloop_overflows
 .bss           0x40000f20        0x0 hardware.o
 .bss           0x40000f20        0x0 system.o
 .bss           0x40000f20      0x32c uart.o
                0x40000f27                UART1_syncstate
                0x40000f25                baudrate1_change
                0x40000f22                transmission_running
                0x40000f24                trigger_transmission
                0x40000f2c                UART1_rxcount
                0x40000f20                data_requested
                0x40000f21                chksum_to_check
                0x40000f28                UART_rxcount
                0x40000f26                UART_syncstate
                0x40000f23                transmission1_running
                0x40000f30                UART_CalibDoneFlag
 .bss           0x4000124c        0x4 syscalls.o
 .bss           0x40001250       0x14 i2c.o
                0x4000125c                RdIndex
                0x40001250                I2CMasterState
                0x40001254                I2CSlaveState
                0x40001258                I2CCount
                0x40001260                WrIndex
 .bss           0x40001264       0x14 i2c1.o
                0x4000126c                WrIndex1
                0x40001268                I2C1Count
                0x40001264                I2C1MasterState
                0x40001270                lastI2c1Error
 .bss           0x40001278        0x0 Common_WinARM/src/irq.o
 .bss           0x40001278        0x8 adc.o
                0x4000127c                ADC1IntDone
                0x40001278                ADC0IntDone
 .bss           0x40001280        0x4 ssp.o
                0x40001280                SSP_trans_cnt
 .bss           0x40001284       0x24 pelican_ptu.o
                0x4000128c                PTU_enable_plain_ch7_to_servo
                0x40001284                PTU_cam_angle_roll_offset
                0x40001288                PTU_cam_angle_pitch_offset
 .bss           0x400012a8        0x5 jetiTelemetry.o
                0x400012aa                jetiTriggerTextSync
                0x400012ac                jetiKey
                0x400012a9                jetiAlarmType
                0x400012ab                jetiKeyChanged
                0x400012a8                jetiAlarm
 .bss           0x400012ad        0x0 LPC2k_ee.o
 *fill*         0x400012ad        0x3 00
 .bss           0x400012b0       0x38 lab.o
                0x400012c4                t
                0x400012c8                angle_pitch
                0x400012e0                sigma1
                0x400012d0                u2
                0x400012d4                u4
                0x400012bc                mu1
                0x400012dc                f2
                0x400012b4                counter
                0x400012c0                mu2
                0x400012cc                angvel_pitch
                0x400012b8                angle_pitch_desired
                0x400012b0                input_amplitude
                0x400012d8                f1
                0x400012e4                sigma2
 .bss           0x400012e8        0x0 c:/asctec_arm_sdk/winarm/bin/../lib/gcc/arm-elf/4.1.1/../../../../arm-elf/lib/thumb/interwork\libc.a(memcpy.o)
 .bss           0x400012e8        0x0 c:/asctec_arm_sdk/winarm/bin/../lib/gcc/arm-elf/4.1.1/../../../../arm-elf/lib/thumb/interwork\libc.a(sprintf.o)
 .bss           0x400012e8        0x0 c:/asctec_arm_sdk/winarm/bin/../lib/gcc/arm-elf/4.1.1/../../../../arm-elf/lib/thumb/interwork\libc.a(strcpy.o)
 .bss           0x400012e8        0x0 c:/asctec_arm_sdk/winarm/bin/../lib/gcc/arm-elf/4.1.1/../../../../arm-elf/lib/thumb/interwork\libc.a(strlen.o)
 .bss           0x400012e8        0x0 c:/asctec_arm_sdk/winarm/bin/../lib/gcc/arm-elf/4.1.1/../../../../arm-elf/lib/thumb/interwork\libc.a(vfprintf.o)
 .bss           0x400012e8        0x0 c:/asctec_arm_sdk/winarm/bin/../lib/gcc/arm-elf/4.1.1/../../../../arm-elf/lib/thumb/interwork\libc.a(wcrtomb.o)
 .bss           0x400012e8        0x0 c:/asctec_arm_sdk/winarm/bin/../lib/gcc/arm-elf/4.1.1/../../../../arm-elf/lib/thumb/interwork\libc.a(wcsrtombs.o)
 .bss           0x400012e8        0x0 c:/asctec_arm_sdk/winarm/bin/../lib/gcc/arm-elf/4.1.1/../../../../arm-elf/lib/thumb/interwork\libc.a(wctomb_r.o)
 .bss           0x400012e8        0x0 c:/asctec_arm_sdk/winarm/bin/../lib/gcc/arm-elf/4.1.1/../../../../arm-elf/lib/thumb/interwork\libc.a(wsetup.o)
 .bss           0x400012e8        0x0 c:/asctec_arm_sdk/winarm/bin/../lib/gcc/arm-elf/4.1.1/../../../../arm-elf/lib/thumb/interwork\libc.a(dtoa.o)
 .bss           0x400012e8        0x0 c:/asctec_arm_sdk/winarm/bin/../lib/gcc/arm-elf/4.1.1/../../../../arm-elf/lib/thumb/interwork\libc.a(fflush.o)
 .bss           0x400012e8        0x0 c:/asctec_arm_sdk/winarm/bin/../lib/gcc/arm-elf/4.1.1/../../../../arm-elf/lib/thumb/interwork\libc.a(findfp.o)
 .bss           0x400012e8        0x0 c:/asctec_arm_sdk/winarm/bin/../lib/gcc/arm-elf/4.1.1/../../../../arm-elf/lib/thumb/interwork\libc.a(freer.o)
 .bss           0x400012e8        0x0 c:/asctec_arm_sdk/winarm/bin/../lib/gcc/arm-elf/4.1.1/../../../../arm-elf/lib/thumb/interwork\libc.a(fvwrite.o)
 .bss           0x400012e8        0x0 c:/asctec_arm_sdk/winarm/bin/../lib/gcc/arm-elf/4.1.1/../../../../arm-elf/lib/thumb/interwork\libc.a(fwalk.o)
 .bss           0x400012e8        0x0 c:/asctec_arm_sdk/winarm/bin/../lib/gcc/arm-elf/4.1.1/../../../../arm-elf/lib/thumb/interwork\libc.a(impure.o)
 .bss           0x400012e8        0xc c:/asctec_arm_sdk/winarm/bin/../lib/gcc/arm-elf/4.1.1/../../../../arm-elf/lib/thumb/interwork\libc.a(locale.o)
                0x400012e8                __nlocale_changed
                0x400012ec                __mlocale_changed
                0x400012f0                _PathLocale
 .bss           0x400012f4        0x0 c:/asctec_arm_sdk/winarm/bin/../lib/gcc/arm-elf/4.1.1/../../../../arm-elf/lib/thumb/interwork\libc.a(makebuf.o)
 .bss           0x400012f4       0x34 c:/asctec_arm_sdk/winarm/bin/../lib/gcc/arm-elf/4.1.1/../../../../arm-elf/lib/thumb/interwork\libc.a(mallocr.o)
                0x400012f4                __malloc_top_pad
                0x400012f8                __malloc_max_sbrked_mem
                0x40001300                __malloc_current_mallinfo
                0x400012fc                __malloc_max_total_mem
 .bss           0x40001328        0x0 c:/asctec_arm_sdk/winarm/bin/../lib/gcc/arm-elf/4.1.1/../../../../arm-elf/lib/thumb/interwork\libc.a(memchr.o)
 .bss           0x40001328        0x0 c:/asctec_arm_sdk/winarm/bin/../lib/gcc/arm-elf/4.1.1/../../../../arm-elf/lib/thumb/interwork\libc.a(memmove.o)
 .bss           0x40001328        0x0 c:/asctec_arm_sdk/winarm/bin/../lib/gcc/arm-elf/4.1.1/../../../../arm-elf/lib/thumb/interwork\libc.a(memset.o)
 .bss           0x40001328        0x0 c:/asctec_arm_sdk/winarm/bin/../lib/gcc/arm-elf/4.1.1/../../../../arm-elf/lib/thumb/interwork\libc.a(mlock.o)
 .bss           0x40001328        0x0 c:/asctec_arm_sdk/winarm/bin/../lib/gcc/arm-elf/4.1.1/../../../../arm-elf/lib/thumb/interwork\libc.a(mprec.o)
 .bss           0x40001328        0x0 c:/asctec_arm_sdk/winarm/bin/../lib/gcc/arm-elf/4.1.1/../../../../arm-elf/lib/thumb/interwork\libc.a(reallocr.o)
 .bss           0x40001328        0x0 c:/asctec_arm_sdk/winarm/bin/../lib/gcc/arm-elf/4.1.1/../../../../arm-elf/lib/thumb/interwork\libc.a(s_isinf.o)
 .bss           0x40001328        0x0 c:/asctec_arm_sdk/winarm/bin/../lib/gcc/arm-elf/4.1.1/../../../../arm-elf/lib/thumb/interwork\libc.a(s_isnan.o)
 .bss           0x40001328        0x0 c:/asctec_arm_sdk/winarm/bin/../lib/gcc/arm-elf/4.1.1/../../../../arm-elf/lib/thumb/interwork\libc.a(stdio.o)
 .bss           0x40001328        0x0 c:/asctec_arm_sdk/winarm/bin/../lib/gcc/arm-elf/4.1.1/../../../../arm-elf/lib/thumb/interwork\libc.a(strcmp.o)
 .bss           0x40001328        0x0 c:/asctec_arm_sdk/winarm/bin/../lib/gcc/arm-elf/4.1.1/../../../../arm-elf/lib/thumb/interwork\libc.a(callocr.o)
 .bss           0x40001328        0x0 c:/asctec_arm_sdk/winarm/bin/../lib/gcc/arm-elf/4.1.1/../../../../arm-elf/lib/thumb/interwork\libc.a(fclose.o)
 .bss           0x40001328        0x0 c:/asctec_arm_sdk/winarm/bin/../lib/gcc/arm-elf/4.1.1/thumb/interwork\libgcc.a(_udivsi3.o)
 .bss           0x40001328        0x0 c:/asctec_arm_sdk/winarm/bin/../lib/gcc/arm-elf/4.1.1/thumb/interwork\libgcc.a(_divsi3.o)
 .bss           0x40001328        0x0 c:/asctec_arm_sdk/winarm/bin/../lib/gcc/arm-elf/4.1.1/thumb/interwork\libgcc.a(_umodsi3.o)
 .bss           0x40001328        0x0 c:/asctec_arm_sdk/winarm/bin/../lib/gcc/arm-elf/4.1.1/thumb/interwork\libgcc.a(_modsi3.o)
 .bss           0x40001328        0x0 c:/asctec_arm_sdk/winarm/bin/../lib/gcc/arm-elf/4.1.1/thumb/interwork\libgcc.a(_dvmd_tls.o)
 .bss           0x40001328        0x0 c:/asctec_arm_sdk/winarm/bin/../lib/gcc/arm-elf/4.1.1/thumb/interwork\libgcc.a(_addsubdf3.o)
 .bss           0x40001328        0x0 c:/asctec_arm_sdk/winarm/bin/../lib/gcc/arm-elf/4.1.1/thumb/interwork\libgcc.a(_muldivdf3.o)
 .bss           0x40001328        0x0 c:/asctec_arm_sdk/winarm/bin/../lib/gcc/arm-elf/4.1.1/thumb/interwork\libgcc.a(_cmpdf2.o)
 .bss           0x40001328        0x0 c:/asctec_arm_sdk/winarm/bin/../lib/gcc/arm-elf/4.1.1/thumb/interwork\libgcc.a(_fixdfsi.o)
 .bss           0x40001328        0x0 c:/asctec_arm_sdk/winarm/bin/../lib/gcc/arm-elf/4.1.1/thumb/interwork\libgcc.a(_truncdfsf2.o)
 .bss           0x40001328        0x0 c:/asctec_arm_sdk/winarm/bin/../lib/gcc/arm-elf/4.1.1/thumb/interwork\libgcc.a(_addsubsf3.o)
 .bss           0x40001328        0x0 c:/asctec_arm_sdk/winarm/bin/../lib/gcc/arm-elf/4.1.1/thumb/interwork\libgcc.a(_muldivsf3.o)
 .bss           0x40001328        0x0 c:/asctec_arm_sdk/winarm/bin/../lib/gcc/arm-elf/4.1.1/thumb/interwork\libgcc.a(_fixsfsi.o)
 .bss           0x40001328      0xcc4 ./\libdeclination.a(declination.o)
                0x40001328                estimatedDeclination
                0x4000132c                estimatedInclination
                0x40001330                declinationAvailable
 .bss           0x40001fec       0x28 ./\libublox.a(ublox.o)
                0x40001ff8                urVersionCheck
                0x40001ff6                urAckId
                0x40001ffa                urMsgCnt
                0x40001fec                urTimeCnt
                0x40001ffc                ubloxVersion
                0x40001ff4                urAckReceived
                0x40001ff7                urConfigMessageReceived
                0x40001ff0                GPS_raw_data_size
                0x40001ff5                urAckClass
 .bss           0x40002014        0x0 c:/asctec_arm_sdk/winarm/bin/../lib/gcc/arm-elf/4.1.1/../../../../arm-elf/lib/thumb/interwork\libm.a(s_cos.o)
 .bss           0x40002014        0x0 c:/asctec_arm_sdk/winarm/bin/../lib/gcc/arm-elf/4.1.1/../../../../arm-elf/lib/thumb/interwork\libm.a(s_sin.o)
 .bss           0x40002014        0x0 c:/asctec_arm_sdk/winarm/bin/../lib/gcc/arm-elf/4.1.1/../../../../arm-elf/lib/thumb/interwork\libm.a(w_atan2.o)
 .bss           0x40002014        0x0 c:/asctec_arm_sdk/winarm/bin/../lib/gcc/arm-elf/4.1.1/../../../../arm-elf/lib/thumb/interwork\libm.a(w_sqrt.o)
 .bss           0x40002014        0x0 c:/asctec_arm_sdk/winarm/bin/../lib/gcc/arm-elf/4.1.1/../../../../arm-elf/lib/thumb/interwork\libm.a(e_atan2.o)
 .bss           0x40002014        0x0 c:/asctec_arm_sdk/winarm/bin/../lib/gcc/arm-elf/4.1.1/../../../../arm-elf/lib/thumb/interwork\libm.a(e_rem_pio2.o)
 .bss           0x40002014        0x0 c:/asctec_arm_sdk/winarm/bin/../lib/gcc/arm-elf/4.1.1/../../../../arm-elf/lib/thumb/interwork\libm.a(e_sqrt.o)
 .bss           0x40002014        0x0 c:/asctec_arm_sdk/winarm/bin/../lib/gcc/arm-elf/4.1.1/../../../../arm-elf/lib/thumb/interwork\libm.a(k_cos.o)
 .bss           0x40002014        0x0 c:/asctec_arm_sdk/winarm/bin/../lib/gcc/arm-elf/4.1.1/../../../../arm-elf/lib/thumb/interwork\libm.a(k_rem_pio2.o)
 .bss           0x40002014        0x0 c:/asctec_arm_sdk/winarm/bin/../lib/gcc/arm-elf/4.1.1/../../../../arm-elf/lib/thumb/interwork\libm.a(k_sin.o)
 .bss           0x40002014        0x0 c:/asctec_arm_sdk/winarm/bin/../lib/gcc/arm-elf/4.1.1/../../../../arm-elf/lib/thumb/interwork\libm.a(s_atan.o)
 .bss           0x40002014        0x0 c:/asctec_arm_sdk/winarm/bin/../lib/gcc/arm-elf/4.1.1/../../../../arm-elf/lib/thumb/interwork\libm.a(s_fabs.o)
 .bss           0x40002014        0x0 c:/asctec_arm_sdk/winarm/bin/../lib/gcc/arm-elf/4.1.1/../../../../arm-elf/lib/thumb/interwork\libm.a(s_floor.o)
 .bss           0x40002014        0x0 c:/asctec_arm_sdk/winarm/bin/../lib/gcc/arm-elf/4.1.1/../../../../arm-elf/lib/thumb/interwork\libm.a(s_lib_ver.o)
 .bss           0x40002014        0x0 c:/asctec_arm_sdk/winarm/bin/../lib/gcc/arm-elf/4.1.1/../../../../arm-elf/lib/thumb/interwork\libm.a(s_matherr.o)
 .bss           0x40002014        0x0 c:/asctec_arm_sdk/winarm/bin/../lib/gcc/arm-elf/4.1.1/../../../../arm-elf/lib/thumb/interwork\libm.a(s_scalbn.o)
 .bss           0x40002014        0x0 c:/asctec_arm_sdk/winarm/bin/../lib/gcc/arm-elf/4.1.1/../../../../arm-elf/lib/thumb/interwork\libm.a(s_copysign.o)
 .bss           0x40002014        0x0 c:/asctec_arm_sdk/winarm/bin/../lib/gcc/arm-elf/4.1.1/thumb/interwork\libgcc.a(_cmpsf2.o)
 .bss           0x40002014        0x0 c:/asctec_arm_sdk/winarm/bin/../lib/gcc/arm-elf/4.1.1/../../../../arm-elf/lib/thumb/interwork\libg.a(errno.o)
 *(.gnu.linkonce.b*)
 *(COMMON)
 COMMON         0x40002014       0xb0 LL_HL_comm.o
                0x40002014                LL_1khz_attitude_data
                0x40002070                LL_1khz_control_input
                0x400020a8                wpToLL
 COMMON         0x400020c4       0x58 gpsmath.o
                0x400020c4                GPS_Data
                0x400020f0                gps_data_temp
 COMMON         0x4000211c      0x145 sdk.o
                0x4000211c                WO_CTRL_Input
                0x40002128                WO_Direct_Motor_Control
                0x4000212c                SPItxArray
                0x40002190                WO_Direct_Individual_Motor_Control
                0x4000219c                WO_SDK
                0x400021a0                testarray
                0x400021b4                f2s
                0x400021b8                RO_RC_Data
                0x400021c8                RO_ALL_Data
                0x40002260                emergencyMode
 *fill*         0x40002261        0x3 00
 COMMON         0x40002264      0x100 lpc_aci_eeprom.o
                0x40002264                content
 COMMON         0x40002364     0x2b42 asctecCommIntfOnboard.o
                0x40002364                aciSendSingleId
                0x400023f0                aciParPacketContentBuffer
                0x400028a0                aciSendSingleBufferCnt
                0x4000292c                aciListPar
                0x40002ce2                aciParPacketSelect
                0x40002e62                aciSendSingleBuffer
                0x40003092                aciParPacketSelectLength
                0x40003095                aciCmdPacketSelectLength
                0x40003098                aciCmdPacketContentBuffer
                0x40003548                aciVarPacketContentBuffer
                0x40003bd8                aciCmdPacketSelect
                0x40003d58                aciTxRingBuffer
                0x40003df8                aciVarPacketTypeList